217.182.132.155 - - [11/Aug/2017:06:26:07 +1200] "GET /mod/book/view.php?id=50&chapterid=599 HTTP/1.1" 200 9727 "-" "Mozilla/5.0 (compatible; AhrefsBot/5.2; +http://ahrefs.com/robot/)"
66.249.79.40 - - [11/Aug/2017:06:26:53 +1200] "GET /calendar/view.php?view=month&course=1&time=122525089200 HTTP/1.1" 200 9829 "-" "Mozilla/5.0 (compatible; Googlebot/2.1; +http://www.google.com/bot.html)"
66.249.79.38 - - [11/Aug/2017:06:28:35 +1200] "GET /calendar/view.php?view=month&time=-121381327800&course=1 HTTP/1.1" 200 9853 "-" "Mozilla/5.0 (compatible; Googlebot/2.1; +http://www.google.com/bot.html)"
66.249.79.38 - - [11/Aug/2017:06:30:22 +1200] "GET /calendar/view.php?view=month&course=1&time=122527681200 HTTP/1.1" 200 9845 "-" "Mozilla/5.0 (compatible; Googlebot/2.1; +http://www.google.com/bot.html)"
66.249.79.38 - - [11/Aug/2017:06:30:24 +1200] "GET /calendar/view.php?view=month&course=1&time=-121384006200 HTTP/1.1" 200 9822 "-" "Mozilla/5.0 (compatible; Googlebot/2.1; +http://www.google.com/bot.html)"
132.181.16.99 - - [11/Aug/2017:06:33:24 +1200] "GET / HTTP/1.0" 200 35308 "-" "check_http/v2.2.1 (nagios-plugins 2.2.1)"
66.249.79.38 - - [11/Aug/2017:06:34:18 +1200] "POST /lib/ajax/service.php?sesskey=0Q4At9DwWI HTTP/1.1" 200 614 "http://coderunner.org.nz/calendar/view.php?view=month&course=1&time=120476458800" "Mozilla/5.0 (compatible; Googlebot/2.1; +http://www.google.com/bot.html)"
66.249.79.40 - - [11/Aug/2017:06:35:16 +1200] "GET /calendar/view.php?view=month&course=1&time=-121386598200 HTTP/1.1" 200 9801 "-" "Mozilla/5.0 (compatible; Googlebot/2.1; +http://www.google.com/bot.html)"
108.41.234.226 - - [11/Aug/2017:06:36:16 +1200] "GET /mod/forum/discuss.php?d=20 HTTP/1.1" 200 15345 "https://www.google.com/" "Mozilla/5.0 (Macintosh; Intel Mac OS X 10_12_6) AppleWebKit/537.36 (KHTML, like Gecko) Chrome/60.0.3112.90 Safari/537.36"
108.41.234.226 - - [11/Aug/2017:06:36:17 +1200] "GET /theme/yui_combo.php?rollup/3.17.2/yui-moodlesimple-min.css HTTP/1.1" 200 1536 "http://coderunner.org.nz/mod/forum/discuss.php?d=20" "Mozilla/5.0 (Macintosh; Intel Mac OS X 10_12_6) AppleWebKit/537.36 (KHTML, like Gecko) Chrome/60.0.3112.90 Safari/537.36"
108.41.234.226 - - [11/Aug/2017:06:36:17 +1200] "GET /lib/javascript.php/1499902978/lib/javascript-static.js HTTP/1.1" 200 9274 "http://coderunner.org.nz/mod/forum/discuss.php?d=20" "Mozilla/5.0 (Macintosh; Intel Mac OS X 10_12_6) AppleWebKit/537.36 (KHTML, like Gecko) Chrome/60.0.3112.90 Safari/537.36"
108.41.234.226 - - [11/Aug/2017:06:36:17 +1200] "GET /theme/yui_combo.php?rollup/3.17.2/yui-moodlesimple-min.js&rollup/1499902978/mcore-min.js HTTP/1.1" 200 89374 "http://coderunner.org.nz/mod/forum/discuss.php?d=20" "Mozilla/5.0 (Macintosh; Intel Mac OS X 10_12_6) AppleWebKit/537.36 (KHTML, like Gecko) Chrome/60.0.3112.90 Safari/537.36"
108.41.234.226 - - [11/Aug/2017:06:36:17 +1200] "GET /theme/styles.php/clean/1499902978/all HTTP/1.1" 200 108235 "http://coderunner.org.nz/mod/forum/discuss.php?d=20" "Mozilla/5.0 (Macintosh; Intel Mac OS X 10_12_6) AppleWebKit/537.36 (KHTML, like Gecko) Chrome/60.0.3112.90 Safari/537.36"
108.41.234.226 - - [11/Aug/2017:06:36:18 +1200] "GET /lib/javascript.php/1499902978/lib/requirejs/require.min.js HTTP/1.1" 200 7066 "http://coderunner.org.nz/mod/forum/discuss.php?d=20" "Mozilla/5.0 (Macintosh; Intel Mac OS X 10_12_6) AppleWebKit/537.36 (KHTML, like Gecko) Chrome/60.0.3112.90 Safari/537.36"
108.41.234.226 - - [11/Aug/2017:06:36:18 +1200] "GET /theme/javascript.php/clean/1499902978/footer HTTP/1.1" 200 1075 "http://coderunner.org.nz/mod/forum/discuss.php?d=20" "Mozilla/5.0 (Macintosh; Intel Mac OS X 10_12_6) AppleWebKit/537.36 (KHTML, like Gecko) Chrome/60.0.3112.90 Safari/537.36"
108.41.234.226 - - [11/Aug/2017:06:36:18 +1200] "GET /theme/image.php/clean/core/1499902978/help HTTP/1.1" 200 1157 "http://coderunner.org.nz/mod/forum/discuss.php?d=20" "Mozilla/5.0 (Macintosh; Intel Mac OS X 10_12_6) AppleWebKit/537.36 (KHTML, like Gecko) Chrome/60.0.3112.90 Safari/537.36"
108.41.234.226 - - [11/Aug/2017:06:36:18 +1200] "GET /theme/image.php/clean/core/1499902978/u/f2 HTTP/1.1" 200 797 "http://coderunner.org.nz/mod/forum/discuss.php?d=20" "Mozilla/5.0 (Macintosh; Intel Mac OS X 10_12_6) AppleWebKit/537.36 (KHTML, like Gecko) Chrome/60.0.3112.90 Safari/537.36"
108.41.234.226 - - [11/Aug/2017:06:36:18 +1200] "GET /pluginfile.php/1564/mod_forum/post/57/sample.png HTTP/1.1" 200 118109 "http://coderunner.org.nz/mod/forum/discuss.php?d=20" "Mozilla/5.0 (Macintosh; Intel Mac OS X 10_12_6) AppleWebKit/537.36 (KHTML, like Gecko) Chrome/60.0.3112.90 Safari/537.36"
108.41.234.226 - - [11/Aug/2017:06:36:18 +1200] "GET /pluginfile.php/1564/mod_forum/post/58/Selection_067.png HTTP/1.1" 200 61548 "http://coderunner.org.nz/mod/forum/discuss.php?d=20" "Mozilla/5.0 (Macintosh; Intel Mac OS X 10_12_6) AppleWebKit/537.36 (KHTML, like Gecko) Chrome/60.0.3112.90 Safari/537.36"
108.41.234.226 - - [11/Aug/2017:06:36:18 +1200] "GET /theme/image.php/clean/book/1499902978/icon HTTP/1.1" 200 2871 "http://coderunner.org.nz/mod/forum/discuss.php?d=20" "Mozilla/5.0 (Macintosh; Intel Mac OS X 10_12_6) AppleWebKit/537.36 (KHTML, like Gecko) Chrome/60.0.3112.90 Safari/537.36"
108.41.234.226 - - [11/Aug/2017:06:36:18 +1200] "GET /theme/image.php/clean/core/1499902978/t/expanded HTTP/1.1" 200 860 "http://coderunner.org.nz/theme/styles.php/clean/1499902978/all" "Mozilla/5.0 (Macintosh; Intel Mac OS X 10_12_6) AppleWebKit/537.36 (KHTML, like Gecko) Chrome/60.0.3112.90 Safari/537.36"
108.41.234.226 - - [11/Aug/2017:06:36:18 +1200] "GET /theme/image.php/clean/url/1499902978/icon HTTP/1.1" 200 13871 "http://coderunner.org.nz/mod/forum/discuss.php?d=20" "Mozilla/5.0 (Macintosh; Intel Mac OS X 10_12_6) AppleWebKit/537.36 (KHTML, like Gecko) Chrome/60.0.3112.90 Safari/537.36"
108.41.234.226 - - [11/Aug/2017:06:36:18 +1200] "GET /theme/image.php/clean/forum/1499902978/icon HTTP/1.1" 200 2865 "http://coderunner.org.nz/mod/forum/discuss.php?d=20" "Mozilla/5.0 (Macintosh; Intel Mac OS X 10_12_6) AppleWebKit/537.36 (KHTML, like Gecko) Chrome/60.0.3112.90 Safari/537.36"
108.41.234.226 - - [11/Aug/2017:06:36:19 +1200] "GET /theme/image.php/clean/core/1499902978/f/pdf-24 HTTP/1.1" 200 1782 "http://coderunner.org.nz/mod/forum/discuss.php?d=20" "Mozilla/5.0 (Macintosh; Intel Mac OS X 10_12_6) AppleWebKit/537.36 (KHTML, like Gecko) Chrome/60.0.3112.90 Safari/537.36"
108.41.234.226 - - [11/Aug/2017:06:36:19 +1200] "GET /theme/image.php/clean/page/1499902978/icon HTTP/1.1" 200 4261 "http://coderunner.org.nz/mod/forum/discuss.php?d=20" "Mozilla/5.0 (Macintosh; Intel Mac OS X 10_12_6) AppleWebKit/537.36 (KHTML, like Gecko) Chrome/60.0.3112.90 Safari/537.36"
108.41.234.226 - - [11/Aug/2017:06:36:19 +1200] "GET /theme/image.php/clean/core/1499902978/t/block_to_dock HTTP/1.1" 200 1068 "http://coderunner.org.nz/mod/forum/discuss.php?d=20" "Mozilla/5.0 (Macintosh; Intel Mac OS X 10_12_6) AppleWebKit/537.36 (KHTML, like Gecko) Chrome/60.0.3112.90 Safari/537.36"
108.41.234.226 - - [11/Aug/2017:06:36:19 +1200] "GET /theme/image.php/clean/core/1499902978/i/navigationitem HTTP/1.1" 200 870 "http://coderunner.org.nz/mod/forum/discuss.php?d=20" "Mozilla/5.0 (Macintosh; Intel Mac OS X 10_12_6) AppleWebKit/537.36 (KHTML, like Gecko) Chrome/60.0.3112.90 Safari/537.36"
108.41.234.226 - - [11/Aug/2017:06:36:19 +1200] "GET /theme/image.php/clean/core/1499902978/f/markup HTTP/1.1" 200 1038 "http://coderunner.org.nz/mod/forum/discuss.php?d=20" "Mozilla/5.0 (Macintosh; Intel Mac OS X 10_12_6) AppleWebKit/537.36 (KHTML, like Gecko) Chrome/60.0.3112.90 Safari/537.36"
108.41.234.226 - - [11/Aug/2017:06:36:19 +1200] "GET /theme/image.php/clean/core/1499902978/f/pdf217.182.132.155 - - [11/Aug/2017:06:26:07 +1200] "GET /mod/book/view.php?id=50&chapterid=599 HTTP/1.1" 200 9727 "-" "Mozilla/5.0 (compatible; AhrefsBot/5.2; +http://ahrefs.com/robot/)"
66.249.79.40 - - [11/Aug/2017:06:26:53 +1200] "GET /calendar/view.php?view=month&course=1&time=122525089200 HTTP/1.1" 200 9829 "-" "Mozilla/5.0 (compatible; Googlebot/2.1; +http://www.google.com/bot.html)"
66.249.79.38 - - [11/Aug/2017:06:28:35 +1200] "GET /calendar/view.php?view=month&time=-121381327800&course=1 HTTP/1.1" 200 9853 "-" "Mozilla/5.0 (compatible; Googlebot/2.1; +http://www.google.com/bot.html)"
66.249.79.38 - - [11/Aug/2017:06:30:22 +1200] "GET /calendar/view.php?view=month&course=1&time=122527681200 HTTP/1.1" 200 9845 "-" "Mozilla/5.0 (compatible; Googlebot/2.1; +http://www.google.com/bot.html)"
66.249.79.38 - - [11/Aug/2017:06:30:24 +1200] "GET /calendar/view.php?view=month&course=1&time=-121384006200 HTTP/1.1" 200 9822 "-" "Mozilla/5.0 (compatible; Googlebot/2.1; +http://www.google.com/bot.html)"
132.181.16.99217.182.132.155 - - [11/Aug/2017:06:26:07 +1200] "GET /mod/book/view.php?id=50&chapterid=599 HTTP/1.1" 200 9727 "-" "Mozilla/5.0 (compatible; AhrefsBot/5.2; +http://ahrefs.com/robot/)"
66.249.79.40 - - [11/Aug/2017:06:26:53 +1200] "GET /calendar/view.php?view=month&course=1&time=122525089200 HTTP/1.1" 200 9829 "-" "Mozilla/5.0 (compatible; Googlebot/2.1; +http://www.google.com/bot.html)"
66.249.79.38 - - [11/Aug/2017:06:28:35 +1200] "GET /calendar/view.php?view=month&time=-121381327800&course=1 HTTP/1.1" 200 9853 "-" "Mozilla/5.0 (compatible; Googlebot/2.1; +http://www.google.com/bot.html)"
66.249.79.38 - - [11/Aug/2017:06:30:22 +1200] "GET /calendar/view.php?view=month&course=1&time=122527681200 HTTP/1.1" 200 9845 "-" "Mozilla/5.0 (compatible; Googlebot/2.1; +http://www.google.com/bot.html)"
66.249.79.38 - - [11/Aug/2017:06:30:24 +1200] "GET /calendar/view.php?view=month&course=1&time=-121384006200 HTTP/1.1" 200 9822 "-" "Mozilla/5.0 (compatible; Googlebot/2.1; +http://www.google.com/bot.html)"
132.181.16.99 - - [11/Aug/2017:06:33:24 +1200] "GET / HTTP/1.0" 200 35308 "-" "check_http/v2.2.1 (nagios-plugins 2.2.1)"
66.249.79.38 - - [11/Aug/2017:06:34:18 +1200] "POST /lib/ajax/service.php?sesskey=0Q4At9DwWI HTTP/1.1" 200 614 "http://coderunner.org.nz/calendar/view.php?view=month&course=1&time=120476458800" "Mozilla/5.0 (compatible; Googlebot/2.1; +http://www.google.com/bot.html)"
66.249.79.40 - - [11/Aug/2017:06:35:16 +1200] "GET /calendar/view.php?view=month&course=1&time=-121386598200 HTTP/1.1" 200 9801 "-" "Mozilla/5.0 (compatible; Googlebot/2.1; +http://www.google.com/bot.html)"
108.41.234.226 - - [11/Aug/2017:06:36:16 +1200] "GET /mod/forum/discuss.php?d=20 HTTP/1.1" 200 15345 "https://www.google.com/" "Mozilla/5.0 (Macintosh; Intel Mac OS X 10_12_6) AppleWebKit/537.36 (KHTML, like Gecko) Chrome/60.0.3112.90 Safari/537.36"
108.41.234.226 - - [11/Aug/2017:06:36:17 +1200] "GET /theme/yui_combo.php?rollup/3.17.2/yui-moodlesimple-min.css HTTP/1.1" 200 1536 "http://coderunner.org.nz/mod/forum/discuss.php?d=20" "Mozilla/5.0 (Macintosh; Intel Mac OS X 10_12_6) AppleWebKit/537.36 (KHTML, like Gecko) Chrome/60.0.3112.90 Safari/537.36"
108.41.234.226 - - [11/Aug/2017:06:36:17 +1200] "GET /lib/javascript.php/1499902978/lib/javascript-static.js HTTP/1.1" 200 9274 "http://coderunner.org.nz/mod/forum/discuss.php?d=20" "Mozilla/5.0 (Macintosh; Intel Mac OS X 10_12_6) AppleWebKit/537.36 (KHTML, like Gecko) Chrome/60.0.3112.90 Safari/537.36"
108.41.234.226 - - [11/Aug/2017:06:36:17 +1200] "GET /theme/yui_combo.php?rollup/3.17.2/yui-moodlesimple-min.js&rollup/1499902978/mcore-min.js HTTP/1.1" 200 89374 "http://coderunner.org.nz/mod/forum/discuss.php?d=20" "Mozilla/5.0 (Macintosh; Intel Mac OS X 10_12_6) AppleWebKit/537.36 (KHTML, like Gecko) Chrome/60.0.3112.90 Safari/537.36"
108.41.234.226 - - [11/Aug/2017:06:36:17 +1200] "GET /theme/styles.php/clean/1499902978/all HTTP/1.1" 200 108235 "http://coderunner.org.nz/mod/forum/discuss.php?d=20" "Mozilla/5.0 (Macintosh; Intel Mac OS X 10_12_6) AppleWebKit/537.36 (KHTML, like Gecko) Chrome/60.0.3112.90 Safari/537.36"
108.41.234.226 - - [11/Aug/2017:06:36:18 +1200] "GET /lib/javascript.php/1499902978/lib/requirejs/require.min.js HTTP/1.1" 200 7066 "http://coderunner.org.nz/mod/forum/discuss.php?d=20" "Mozilla/5.0 (Macintosh; Intel Mac OS X 10_12_6) AppleWebKit/537.36 (KHTML, like Gecko) Chrome/60.0.3112.90 Safari/537.36"
108.41.234.226 - - [11/Aug/2017:06:36:18 +1200] "GET /theme/javascript.php/clean/1499902978/footer HTTP/1.1" 200 1075 "http://coderunner.org.nz/mod/forum/discuss.php?d=20" "Mozilla/5.0 (Macintosh; Intel Mac OS X 10_12_6) AppleWebKit/537.36 (KHTML, like Gecko) Chrome/60.0.3112.90 Safari/537.36"
108.41.234.226 - - [11/Aug/2017:06:36:18 +1200] "GET /theme/image.php/clean/core/1499902978/help HTTP/1.1" 200 1157 "http://coderunner.org.nz/mod/forum/discuss.php?d=20" "Mozilla/5.0 (Macintosh; Intel Mac OS X 10_12_6) AppleWebKit/537.36 (KHTML, like Gecko) Chrome/60.0.3112.90 Safari/537.36"
108.41.234.226 - - [11/Aug/2017:06:36:18 +1200] "GET /theme/image.php/clean/core/1499902978/u/f2 HTTP/1.1" 200 797 "http://coderunner.org.nz/mod/forum/discuss.php?d=20" "Mozilla/5.0 (Macintosh; Intel Mac OS X 10_12_6) AppleWebKit/537.36 (KHTML, like Gecko) Chrome/60.0.3112.90 Safari/537.36"
108.41.234.226 - - [11/Aug/2017:06:36:18 +1200] "GET /pluginfile.php/1564/mod_forum/post/57/sample.png HTTP/1.1" 200 118109 "http://coderunner.org.nz/mod/forum/discuss.php?d=20" "Mozilla/5.0 (Macintosh; Intel Mac OS X 10_12_6) AppleWebKit/537.36 (KHTML, like Gecko) Chrome/60.0.3112.90 Safari/537.36"
108.41.234.226 - - [11/Aug/2017:06:36:18 +1200] "GET /pluginfile.php/1564/mod_forum/post/58/Selection_067.png HTTP/1.1" 200 61548 "http://coderunner.org.nz/mod/forum/discuss.php?d=20" "Mozilla/5.0 (Macintosh; Intel Mac OS X 10_12_6) AppleWebKit/537.36 (KHTML, like Gecko) Chrome/60.0.3112.90 Safari/537.36"
108.41.234.226 - - [11/Aug/2017:06:36:18 +1200] "GET /theme/image.php/clean/book/1499902978/icon HTTP/1.1" 200 2871 "http://coderunner.org.nz/mod/forum/discuss.php?d=20" "Mozilla/5.0 (Macintosh; Intel Mac OS X 10_12_6) AppleWebKit/537.36 (KHTML, like Gecko) Chrome/60.0.3112.90 Safari/537.36"
108.41.234.226 - - [11/Aug/2017:06:36:18 +1200] "GET /theme/image.php/clean/core/1499902978/t/expanded HTTP/1.1" 200 860 "http://coderunner.org.nz/theme/styles.php/clean/1499902978/all" "Mozilla/5.0 (Macintosh; Intel Mac OS X 10_12_6) AppleWebKit/537.36 (KHTML, like Gecko) Chrome/60.0.3112.90 Safari/537.36"
108.41.234.226 - - [11/Aug/2017:06:36:18 +1200] "GET /theme/image.php/clean/url/1499902978/icon HTTP/1.1" 200 13871 "http://coderunner.org.nz/mod/forum/discuss.php?d=20" "Mozilla/5.0 (Macintosh; Intel Mac OS X 10_12_6) AppleWebKit/537.36 (KHTML, like Gecko) Chrome/60.0.3112.90 Safari/537.36"
108.41.234.226 - - [11/Aug/2017:06:36:18 +1200] "GET /theme/image.php/clean/forum/1499902978/icon HTTP/1.1" 200 2865 "http://coderunner.org.nz/mod/forum/discuss.php?d=20" "Mozilla/5.0 (Macintosh; Intel Mac OS X 10_12_6) AppleWebKit/537.36 (KHTML, like Gecko) Chrome/60.0.3112.90 Safari/537.36"
108.41.234.226 - - [11/Aug/2017:06:36:19 +1200] "GET /theme/image.php/clean/core/1499902978/f/pdf-24 HTTP/1.1" 200 1782 "http://coderunner.org.nz/mod/forum/discuss.php?d=20" "Mozilla/5.0 (Macintosh; Intel Mac OS X 10_12_6) AppleWebKit/537.36 (KHTML, like Gecko) Chrome/60.0.3112.90 Safari/537.36"
108.41.234.226 - - [11/Aug/2017:06:36:19 +1200] "GET /theme/image.php/clean/page/1499902978/icon HTTP/1.1" 200 4261 "http://coderunner.org.nz/mod/forum/discuss.php?d=20" "Mozilla/5.0 (Macintosh; Intel Mac OS X 10_12_6) AppleWebKit/537.36 (KHTML, like Gecko) Chrome/60.0.3112.90 Safari/537.36"
108.41.234.226 - - [11/Aug/2017:06:36:19 +1200] "GET /theme/image.php/clean/core/1499902978/t/block_to_dock HTTP/1.1" 200 1068 "http://coderunner.org.nz/mod/forum/discuss.php?d=20" "Mozilla/5.0 (Macintosh; Intel Mac OS X 10_12_6) AppleWebKit/537.36 (KHTML, like Gecko) Chrome/60.0.3112.90 Safari/537.36"
108.41.234.226 - - [11/Aug/2017:06:36:19 +1200] "GET /theme/image.php/clean/core/1499902978/i/navigationitem HTTP/1.1" 200 870 "http://coderunner.org.nz/mod/forum/discuss.php?d=20" "Mozilla/5.0 (Macintosh; Intel Mac OS X 10_12_6) AppleWebKit/537.36 (KHTML, like Gecko) Chrome/60.0.3112.90 Safari/537.36"
108.41.234.226 - - [11/Aug/2017:06:36:19 +1200] "GET /theme/image.php/clean/core/1499902978/f/markup HTTP/1.1" 200 1038 "http://coderunner.org.nz/mod/forum/discuss.php?d=20" "Mozilla/5.0 (Macintosh; Intel Mac OS X 10_12_6) AppleWebKit/537.36 (KHTML, like Gecko) Chrome/60.0.3112.90 Safari/537.36"
108.41.234.226 - - [11/Aug/2017:06:36:19 +1200] "GET /theme/image.php/clean/core/1499902978/f/pdf HTTP/1.1" 200 1048 "http://coderunner.org.nz/mod/forum/discuss.php?d=20" "Mozilla/5.0 (Macintosh; Intel Mac OS X 10_12_6) AppleWebKit/537.36 (KHTML, like Gecko) Chrome/60.0.3112.90 Safari/537.36"
108.41.234.226 - - [11/Aug/2017:06:36:19 +1200] "GET /theme/image.php/clean/quiz/1499902978/icon HTTP/1.1" 200 3046 "http://coderunner.org.nz/mod/forum/discuss.php?d=20" "Mozilla/5.0 (Macintosh; Intel Mac OS X 10_12_6) AppleWebKit/537.36 (KHTML, like Gecko) Chrome/60.0.3112.90 Safari/537.36"
108.41.234.226 - - [11/Aug/2017:06:36:19 +1200] "GET /pluginfile.php/1564/mod_forum/attachment/60/Captura%20de%20pantalla%202016-07-08%20a%20las%201.03.59%20p.m..png HTTP/1.1" 200 58120 "http://coderunner.org.nz/mod/forum/discuss.php?d=20" "Mozilla/5.0 (Macintosh; Intel Mac OS X 10_12_6) AppleWebKit/537.36 (KHTML, like Gecko) Chrome/60.0.3112.90 Safari/537.36"
108.41.234.226 - - [11/Aug/2017:06:36:19 +1200] "GET /pluginfile.php/1564/mod_forum/attachment/60/Captura%20de%20pantalla%202016-07-08%20a%20las%201.04.04%20p.m..png HTTP/1.1" 200 55635 "http://coderunner.org.nz/mod/forum/discuss.php?d=20" "Mozilla/5.0 (Macintosh; Intel Mac OS X 10_12_6) AppleWebKit/537.36 (KHTML, like Gecko) Chrome/60.0.3112.90 Safari/537.36"
108.41.234.226 - - [11/Aug/2017:06:36:19 +1200] "GET /theme/image.php/clean/core/1499902978/t/collapsed HTTP/1.1" 200 862 "http://coderunner.org.nz/theme/styles.php/clean/1499902978/all" "Mozilla/5.0 (Macintosh; Intel Mac OS X 10_12_6) AppleWebKit/537.36 (KHTML, like Gecko) Chrome/60.0.3112.90 Safari/537.36"
108.41.234.226 - - [11/Aug/2017:06:36:19 +1200] "GET /theme/yui_combo.php?m/1499902978/core/event/event-min.js&m/1499902978/filter_mathjaxloader/loader/loader-min.js HTTP/1.1" 200 1329 "http://coderunner.org.nz/mod/forum/discuss.php?d=20" "Mozilla/5.0 (Macintosh; Intel Mac OS X 10_12_6) AppleWebKit/537.36 (KHTML, like Gecko) Chrome/60.0.3112.90 Safari/537.36"
108.41.234.226 - - [11/Aug/2017:06:36:19 +1200] "GET /lib/requirejs.php/1499902978/core/first.js HTTP/1.1" 200 171556 "http://coderunner.org.nz/mod/forum/discuss.php?d=20" "Mozilla/5.0 (Macintosh; Intel Mac OS X 10_12_6) AppleWebKit/537.36 (KHTML, like Gecko) Chrome/60.0.3112.90 Safari/537.36"
108.41.234.226 - - [11/Aug/2017:06:36:20 +1200] "GET /theme/yui_combo.php?3.17.2/cssbutton/cssbutton-min.css HTTP/1.1" 200 1611 "http://coderunner.org.nz/mod/forum/discuss.php?d=20" "Mozilla/5.0 (Macintosh; Intel Mac OS X 10_12_6) AppleWebKit/537.36 (KHTML, like Gecko) Chrome/60.0.3112.90 Safari/537.36"
108.41.234.226 - - [11/Aug/2017:06:36:20 +1200] "GET /lib/javascript.php/1499902978/lib/requirejs/jquery-private.js HTTP/1.1" 200 601 "http://coderunner.org.nz/mod/forum/discuss.php?d=20" "Mozilla/5.0 (Macintosh; Intel Mac OS X 10_12_6) AppleWebKit/537.36 (KHTML, like Gecko) Chrome/60.0.3112.90 Safari/537.36"
108.41.234.226 - - [11/Aug/2017:06:36:20 +1200] "GET /theme/yui_combo.php?3.17.2/plugin/plugin-min.js&m/1499902978/core/lockscroll/lockscroll-min.js HTTP/1.1" 200 1583 "http://coderunner.org.nz/mod/forum/discuss.php?d=20" "Mozilla/5.0 (Macintosh; Intel Mac OS X 10_12_6) AppleWebKit/537.36 (KHTML, like Gecko) Chrome/60.0.3112.90 Safari/537.36"
108.41.234.226 - - [11/Aug/2017:06:36:20 +1200] "GET /lib/javascript.php/1499902978/lib/jquery/jquery-3.1.0.min.js HTTP/1.1" 200 30542 "http://coderunner.org.nz/mod/forum/discuss.php?d=20" "Mozilla/5.0 (Macintosh; Intel Mac OS X 10_12_6) AppleWebKit/537.36 (KHTML, like Gecko) Chrome/60.0.3112.90 Safari/537.36"
108.41.234.226 - - [11/Aug/2017:06:36:20 +1200] "GET /theme/yui_combo.php?m/1499902978/core/formautosubmit/formautosubmit-min.js HTTP/1.1" 200 1154 "http://coderunner.org.nz/mod/forum/discuss.php?d=20" "Mozilla/5.0 (Macintosh; Intel Mac OS X 10_12_6) AppleWebKit/537.36 (KHTML, like Gecko) Chrome/60.0.3112.90 Safari/537.36"
108.41.234.226 - - [11/Aug/2017:06:36:20 +1200] "GET /theme/image.php/clean/core/1499902978/t/switch_plus HTTP/1.1" 200 1102 "http://coderunner.org.nz/mod/forum/discuss.php?d=20" "Mozilla/5.0 (Macintosh; Intel Mac OS X 10_12_6) AppleWebKit/537.36 (KHTML, like Gecko) Chrome/60.0.3112.90 Safari/537.36"
108.41.234.226 - - [11/Aug/2017:06:36:20 +1200] "GET /theme/image.php/clean/core/1499902978/t/switch_minus HTTP/1.1" 200 1017 "http://coderunner.org.nz/mod/forum/discuss.php?d=20" "Mozilla/5.0 (Macintosh; Intel Mac OS X 10_12_6) AppleWebKit/537.36 (KHTML, like Gecko) Chrome/60.0.3112.90 Safari/537.36"
108.41.234.226 - - [11/Aug/2017:06:36:21 +1200] "GET /theme/yui_combo.php?m/1499902978/mod_forum/subscriptiontoggle/subscriptiontoggle-min.js HTTP/1.1" 200 1144 "http://coderunner.org.nz/mod/forum/discuss.php?d=20" "Mozilla/5.0 (Macintosh; Intel Mac OS X 10_12_6) AppleWebKit/537.36 (KHTML, like Gecko) Chrome/60.0.3112.90 Safari/537.36"
108.41.234.226 - - [11/Aug/2017:06:36:21 +1200] "POST /lib/ajax/service.php?sesskey=YjFRzM25tl HTTP/1.1" 200 551 "http://coderunner.org.nz/mod/forum/discuss.php?d=20" "Mozilla/5.0 (Macintosh; Intel Mac OS X 10_12_6) AppleWebKit/537.36 (KHTML, like Gecko) Chrome/60.0.3112.90 Safari/537.36"
108.41.234.226 - - [11/Aug/2017:06:36:22 +1200] "GET /theme/yui_combo.php?3.17.2/event-mousewheel/event-mousewheel-min.js&3.17.2/event-resize/event-resize-min.js&3.17.2/event-hover/event-hover-min.js&3.17.2/event-touch/event-touch-min.js&3.17.2/event-move/event-move-min.js&3.17.2/event-flick/event-flick-min.js&3.17.2/event-valuechange/event-valuechange-min.js&3.17.2/event-tap/event-tap-min.js HTTP/1.1" 200 5313 "http://coderunner.org.nz/mod/forum/discuss.php?d=20" "Mozilla/5.0 (Macintosh; Intel Mac OS X 10_12_6) AppleWebKit/537.36 (KHTML, like Gecko) Chrome/60.0.3112.90 Safari/537.36"
108.41.234.226 - - [11/Aug/2017:06:36:23 +1200] "GET /theme/image.php/clean/theme/1499902978/favicon HTTP/1.1" 200 1629 "http://coderunner.org.nz/mod/forum/discuss.php?d=20" "Mozilla/5.0 (Macintosh; Intel Mac OS X 10_12_6) AppleWebKit/537.36 (KHTML, like Gecko) Chrome/60.0.3112.90 Safari/537.36"
::1 - - [11/Aug/2017:06:36:30 +1200] "OPTIONS * HTTP/1.0" 200 126 "-" "Apache/2.4.18 (Ubuntu) (internal dummy connection)"
66.249.79.40 - - [11/Aug/2017:06:38:12 +1200] "POST /lib/ajax/service.php?sesskey=G997E8Wzlw HTTP/1.1" 200 614 "http://coderunner.org.nz/calendar/view.php?view=month&course=1&time=-117576099000" "Mozilla/5.0 (compatible; Googlebot/2.1; +http://www.google.com/bot.html)"
66.249.79.38 - - [11/Aug/2017:06:39:14 +1200] "GET /calendar/view.php?view=month&course=1&time=122530359600 HTTP/1.1" 200 9833 "-" "Mozilla/5.0 (compatible; Googlebot/2.1; +http://www.google.com/bot.html)"
66.249.79.43 - - [11/Aug/2017:06:40:06 +1200] "GET /calendar/view.php?view=month&time=122532951600&course=1 HTTP/1.1" 200 9824 "-" "Mozilla/5.0 (compatible; Googlebot/2.1; +http://www.google.com/bot.html)"
66.249.79.38 - - [11/Aug/2017:06:40:12 +1200] "GET /calendar/view.php?view=month&time=-121389276600&course=1 HTTP/1.1" 200 9802 "-" "Mozilla/5.0 (compatible; Googlebot/2.1; +http://www.google.com/bot.html)"
66.249.79.38 - - [11/Aug/2017:06:40:27 +1200] "POST /lib/ajax/service.php?sesskey=zh1Fx0kY0G HTTP/1.1" 200 614 "http://coderunner.org.nz/calendar/view.php?view=month&course=1&time=-117452374200" "Mozilla/5.0 (compatible; Googlebot/2.1; +http://www.google.com/bot.html)"
132.181.16.99 - - [11/Aug/2017:06:43:24 +1200] "GET / HTTP/1.0" 200 35308 "-" "check_http/v2.2.1 (nagios-plugins 2.2.1)"
66.249.79.40 - - [11/Aug/2017:06:43:30 +1200] "POST /lib/ajax/service.php?sesskey=DFkqLL6nWw HTTP/1.1" 200 614 "http://coderunner.org.nz/calendar/view.php?view=month&course=1&time=-111653811000" "Mozilla/5.0 (compatible; Googlebot/2.1; +http://www.google.com/bot.html)"
66.249.79.38 - - [11/Aug/2017:06:45:30 +1200] "GET /calendar/view.php?view=month&time=122535630000&course=1 HTTP/1.1" 200 9854 "-" "Mozilla/5.0 (compatible; Googlebot/2.1; +http://www.google.com/bot.html)"
66.249.79.43 - - [11/Aug/2017:06:45:31 +1200] "GET /calendar/view.php?view=month&time=-121391868600&course=1 HTTP/1.1" 200 9822 "-" "Mozilla/5.0 (compatible; Googlebot/2.1; +http://www.google.com/bot.html)"
66.249.79.65 - - [11/Aug/2017:06:45:57 +1200] "GET /robots.txt HTTP/1.1" 404 512 "-" "Mozilla/5.0 (compatible; Googlebot/2.1; +http://www.google.com/bot.html)"
66.249.79.94 - - [11/Aug/2017:06:45:57 +120217.182.132.155 - - [11/Aug/2017:06:26:07 +1200] "GET /mod/book/view.php?id=50&chapterid=599 HTTP/1.1" 200 9727 "-" "Mozilla/5.0 (compatible; AhrefsBot/5.2; +http://ahrefs.com/robot/)"
66.249.79.40 - - [11/Aug/2017:06:26:53 +1200] "GET /calendar/view.php?view=month&course=1&time=122525089200 HTTP/1.1" 200 9829 "-" "Mozilla/5.0 (compatible; Googlebot/2.1; +http://www.google.com/bot.html)"
66.249.79.38 - - [11/Aug/2017:06:28:35 +1200] "GET /calendar/view.php?view=month&time=-121381327800&course=1 HTTP/1.1" 20217.182.132.155 - - [11/Aug/2017:06:26:07 +1200] "GET /mod/book/view.php?id=50&chapterid=599 HTTP/1.1" 200 9727 "-" "Mozilla/5.0 (compatible; AhrefsBot/5.2; +http://ahrefs.com/robot/)"
66.249.79.40 - - [11/Aug/2017:06:26:53 +1200] "GET /calendar/view.php?view=month&course=1&time=122525089200 HTTP/1.1" 200 9829 "-" "Mozilla/5.0 (compatible; Googlebot/2.1; +http://www.google.com/bot.html)"
66.249.79.38 - - [11/Aug/2017:06:28:35 +1200] "GET /calendar/view.php?view=month&time=-121381327800&course=1 HTTP/1.1" 20217.182.132.155 - - [11/Aug/2017:06:26:07 +1200] "GET /mod/book/view.php?id=50&chapterid=599 HTTP/1.1" 200 9727 "-" "Mozilla/5.0 (compatible; AhrefsBot/5.2; +http://ahrefs.com/robot/)"
66.249.79.40 - - [11/Aug/2017:06:26:53 +1200] "GET /calendar/view.php?view=month&course=1&time=122525089200 HTTP/1.1" 200 9829 "-" "Mozilla/5.0 (compatible; Googlebot/2.1; +http://www.google.com/bot.html)"
66.249.79.38 - - [11/Aug/2017:06:28:35 +1200] "GET /calendar/view.php?view=month&time=-121381327800&course=1 HTTP/1.1" 20217.182.132.155 - - [11/Aug/2017:06:26:07 +1200] "GET /mod/book/view.php?id=50&chapterid=599 HTTP/1.1" 200 9727 "-" "Mozilla/5.0 (compatible; AhrefsBot/5.2; +http://ahrefs.com/robot/)"
66.249.79.40 - - [11/Aug/2017:06:26:53 +1200] "GET /calendar/view.php?view=month&course=1&time=122525089200 HTTP/1.1" 200 9829 "-" "Mozilla/5.0 (compatible; Googlebot/2.1; +http://www.google.com/bot.html)"
66.249.79.38 - - [11/Aug/2017:06:28:35 +1200] "GET /calendar/view.php?view=month&time=-121381327800&course=1 HTTP/1.1" 20217.182.132.155 - - [11/Aug/2017:06:26:07 +1200] "GET /mod/book/view.php?id=50&chapterid=599 HTTP/1.1" 200 9727 "-" "Mozilla/5.0 (compatible; AhrefsBot/5.2; +http://ahrefs.com/robot/)"
66.249.79.40 - - [11/Aug/2017:06:26:53 +1200] "GET /calendar/view.php?view=month&course=1&time=122525089200 HTTP/1.1" 200 9829 "-" "Mozilla/5.0 (compatible; Googlebot/2.1; +http://www.google.com/bot.html)"
66.249.79.38 - - [11/Aug/2017:06:28:35 +1200] "GET /calendar/view.php?view=month&time=-121381327800&course=1 HTTP/1.1" 200 9853 "-" "Mozilla/5.0 (compatible; Googlebot/2.1; +http://www.google.com/bot.html)"
66.249.79.38 - - [11/Aug/2017:06:30:22 +1200] "GET /calendar/view.php?view=month&course=1&time=122527681200 HTTP/1.1" 200 9845 "-" "Mozilla/5.0 (compatible; Googlebot/2.1; +http://www.google.com/bot.html)"
66.249.79.38 - - [11/Aug/2017:06:30:24 +1200] "GET /calendar/view.php?view=month&course=1&time=-121384006200 HTTP/1.1" 200 9822 "-" "Mozilla/5.0 (compatible; Googlebot/2.1; +http://www.google.com/bot.html)"
132.181.16.99 - - [11/Aug/2017:06:33:24 +1200] "GET / HTTP/1.0" 200 35308 "-" "check_http/v2.2.1 (nagios-plugins 2.2.1)"
66.249.79.38 - - [11/Aug/2017:06:34:18 +1200] "POST /lib/ajax/service.php?sesskey=0Q4At9DwWI HTTP/1.1" 200 614 "http://coderunner.org.nz/calendar/view.php?view=month&course=1&time=120476458800" "Mozilla/5.0 (compatible; Googlebot/2.1; +http://www.google.com/bot.html)"
66.249.79.40 - - [11/Aug/2017:06:35:16 +1200] "GET /calendar/view.php?view=month&course=1&time=-121386598200 HTTP/1.1" 200 9801 "-" "Mozilla/5.0 (compatible; Googlebot/2.1; +http://www.google.com/bot.html)"
108.41.234.226 - - [11/Aug/2017:06:36:16 +1200] "GET /mod/forum/discuss.php?d=20 HTTP/1.1" 200 15345 "https://www.google.com/" "Mozilla/5.0 (Macintosh; Intel Mac OS X 10_12_6) AppleWebKit/537.36 (KHTML, like Gecko) Chrome/60.0.3112.90 Safari/537.36"
108.41.234.226 - - [11/Aug/2017:06:36:17 +1200] "GET /theme/yui_combo.php?rollup/3.17.2/yui-moodlesimple-min.css HTTP/1.1" 200 1536 "http://coderunner.org.nz/mod/forum/discuss.php?d=20" "Mozilla/5.0 (Macintosh; Intel Mac OS X 10_12_6) AppleWebKit/537.36 (KHTML, like Gecko) Chrome/60.0.3112.90 Safari/537.36"
108.41.234.226 - - [11/Aug/2017:06:36:17 +1200] "GET /lib/javascript.php/1499902978/lib/javascript-static.js HTTP/1.1" 200 9274 "http://coderunner.org.nz/mod/forum/discuss.php?d=20" "Mozilla/5.0 (Macintosh; Intel Mac OS X 10_12_6) AppleWebKit/537.36 (KHTML, like Gecko) Chrome/60.0.3112.90 Safari/537.36"
108.41.234.226 - - [11/Aug/2017:06:36:17 +1200] "GET /theme/yui_combo.php?rollup/3.17.2/yui-moodlesimple-min.js&rollup/1499902978/mcore-min.js HTTP/1.1" 200 89374 "http://coderunner.org.nz/mod/forum/discuss.php?d=20" "Mozilla/5.0 (Macintosh; Intel Mac OS X 10_12_6) AppleWebKit/537.36 (KHTML, like Gecko) Chrome/60.0.3112.90 Safari/537.36"
108.41.234.226 - - [11/Aug/2017:06:36:17 +1200] "GET /theme/styles.php/clean/1499902978/all HTTP/1.1" 200 108235 "http://coderunner.org.nz/mod/forum/discuss.php?d=20" "Mozilla/5.0 (Macintosh; Intel Mac OS X 10_12_6) AppleWebKit/537.36 (KHTML, like Gecko) Chrom217.182.132.155 - - [11/Aug/2017:06:26:07 +1200] "GET /mod/book/view.php?id=50&chapterid=599 HTTP/1.1" 200 9727 "-" "Mozilla/5.0 (compatible; AhrefsBot/5.2; +http://ahrefs.com/robot/)"
66.249.79.40 - - [11/Aug/2017:06:26:53 +1200] "GET /calendar/view.php?view=month&course=1&time=122525089200 HTTP/1.1" 200 9829 "-" "Mozilla/5.0 (compatible; Googlebot/2.1; +http://www.google.com/bot.html)"
66.249.79.38 - - [11/Aug/2017:06:28:35 +1200] "GET /calendar/view.php?view=month&time=-121381327800&course=1 HTTP/1.1" 200 9853 "-" "Mozilla/5.0 (compatible; Googlebot/2.1; +http://www.google.com/bot.html)"
66.249.79.38 - - [11/Aug/2017:06:30:22 +1200] "GET /calendar/view.php?view=month&course=1&time=122527681200 HTTP/1.1" 200 9845 "-" "Mozilla/5.0 (compatible; Googlebot/2.1; +http://www.google.com/bot.html)"
66.249.79.38 - - [11/Aug/2017:06:30:24 +1200] "GET /calendar/view.php?view=month&course=1&time=-121384006200 HTTP/1.1" 200 9822 "-" "Mozilla/5.0 (compatible; Googlebot/2.1; +http://www.google.com/bot.html)"
132.181.16.99 - - [11/Aug/2017:06:33:24 +1200] "GET / HTTP/1.0" 200 35308 "-" "check_http/v2.2.1 (nagios-plugins 2.2.1)"
66.249.79.38 - - [11/Aug/2017:06:34:18 +1200] "POST /lib/ajax/service.php?sesskey=0Q4At9DwWI HTTP/1.1" 200 614 "http://coderunner.org.nz/calendar/view.php?view=month&course=1&time=120476458800" "Mozilla/5.0 (compatible; Googlebot/2.1; +http://www.google.com/bot.html)"
66.249.79.40 - - [11/Aug/2017:06:35:16 +1200] "GET /calendar/view.php?view=month&course=1&time=-121386598200 HTTP/1.1" 200 9801 "-" "Mozilla/5.0 (compatible; Googlebot/2.1; +http://www.google.com/bot.html)"
108.41.234.226 - - [11/Aug/2017:06:36:16 +1200] "GET /mod/forum/discuss.php?d=20 HTTP/1.1" 200 15345 "https://www.google.com/" "Mozilla/5.0 (Macintosh; Intel Mac OS X 10_12_6) AppleWebKit/537.36 (KHTML, like Gecko) Chrome/60.0.3112.90 Safari/537.36"
108.41.234.226 - - [11/Aug/2017:06:36:17 +1200] "GET /theme/yui_combo.php?rollup/3.17.2/yui-moodlesimple-min.css HTTP/1.1" 200 1536 "http://coderunner.org.nz/mod/forum/discuss.php?d=20" "Mozilla/5.0 (Macintosh; Intel Mac OS X 10_12_6) AppleWebKit/537.36 (KHTML, like Gecko) Chrome/60.0.3112.90 Safari/537.36"
108.41.234.226 - - [11/Aug/2017:06:36:17 +1200] "GET /lib/javascript.php/1499902978/lib/javascript-static.js HTTP/1.1" 200 9274 "http://coderunner.org.nz/mod/forum/discuss.php?d=20" "Mozilla/5.0 (Macintosh; Intel Mac OS X 10_12_6) AppleWebKit/537.36 (KHTML, like Gecko) Chrome/60.0.3112.90 Safari/537.36"
108.41.234.226 - - [11/Aug/2017:06:36:17 +1200] "GET /theme/yui_combo.php?rollup/3.17.2/yui-moodlesimple-min.js&rollup/1499902978/mcore-min.js HTTP/1.1" 200 89374 "http://coderunner.org.nz/mod/forum/discuss.php?d=20" "Mozilla/5.0 (Macintosh; Intel Mac OS X 10_12_6) AppleWebKit/537.36 (KHTML, like Gecko) Chrome/60.0.3112.90 Safari/537.36"
108.41.234.226 - - [11/Aug/2017:06:36:17 +1200] "GET /theme/styles.php/clean/1499902978/all HTTP/1.1" 200 108235 "http://coderunner.org.nz/mod/forum/discuss.php?d=20" "Mozilla/5.0 (Macintosh; Intel Mac OS X 10_12_6) AppleWebKit/537.36 (KHTML, like Gecko) Chrome/60.0.3112.90 Safari/537.36"
108.41.234.226 - - [11/Aug/2017:06:36:18 +1200] "GET /lib/javascript.php/1499902978/lib/requirejs/require.min.js HTTP/1.1" 200 7066 "http://coderunner.org.nz/mod/forum/discuss.php?d=20" "Mozilla/5.0 (Macintosh; Intel Mac OS X 10_12_6) AppleWebKit/537.36 (KHTML, like Gecko) Chrome/60.0.3112.90 Safari/537.36"
108.41.234.226 - - [11/Aug/2017:06:36:18 +1200] "GET /theme/javascript.php/clean/1499902978/footer HTTP/1.1" 200 1075 "http://coderunner.org.nz/mod/forum/discuss.php?d=20" "Mozilla/5.0 (Macintosh; Intel Mac OS X 10_12_6) AppleWebKit/537.36 (KHTML, like Gecko) Chrome/60.0.3112.90 Safari/537.36"
108.41.234.226 - - [11/Aug/2017:06:36:18 +1200] "GET /theme/image.php/clean/core/1499902978/help HTTP/1.1" 200 1157 "http://coderunner.org.nz/mod/forum/discuss.php?d=20" "Mozilla/5.0 (Macintosh; Intel Mac OS X 10_12_6) AppleWebKit/537.36 (KHTML, like Gecko) Chrome/60.0.3112.90 Safari/537.36"
108.41.234.226 - - [11/Aug/2017:06:36:18 +1200] "GET /theme/image.php/clean/core/1499902978/u/f2 HTTP/1.1" 200 797 "http://coderunner.org.nz/mod/forum/discuss.php?d=20" "Mozilla/5.0 (Macintosh; Intel Mac OS X 10_12_6) AppleWebKit/537.36 (KHTML, like Gecko) Chrome/60.0.3112.90 Safari/537.36"
108.41.234.226 - - [11/Aug/2017:06:36:18 +1200] "GET /pluginfile.php/1564/mod_forum/post/57/sample.png HTTP/1.1" 200 118109 "http://coderunner.org.nz/mod/forum/discuss.php?d=20" "Mozilla/5.0 (Macintosh; Intel Mac OS X 10_12_6) AppleWebKit/537.36 (KHTML, like Gecko) Chrome/60.0.3112.90 Safari/537.36"
108.41.234.226 - - [11/Aug/2017:06:36:18 +1200] "GET /pluginfile.php/1564/mod_forum/post/58/Selection_067.png HTTP/1.1" 200 61548 "http://coderunner.org.nz/mod/forum/discuss.php?d=20" "Mozilla/5.0 (Macintosh; Intel Mac OS X 10_12_6) AppleWebKit/537.36 (KHTML, like Gecko) Chrome/60.0.3112.90 Safari/537.36"
108.41.234.226 - - [11/Aug/2017:06:36:18 +1200] "GET /theme/image.php/clean/book/1499902978/icon HTTP/1.1" 200 2871 "http://coderunner.org.nz/mod/forum/discuss.php?d=20" "Mozilla/5.0 (Macintosh; Intel Mac OS X 10_12_6) AppleWebKit/537.36 (KHTML, like Gecko) Chrome/60.0.3112.90 Safari/537.36"
108.41.234.226 - - [11/Aug/2017:06:36:18 +1200] "GET /theme/image.php/clean/core/1499902978/t/expanded HTTP/1.1" 200 860 "http://coderunner.org.nz/theme/styles.php/clean/1499902978/all" "Mozilla/5.0 (Macintosh; Intel Mac OS X 10_12_6) AppleWebKit/537.36 (KHTML, like Gecko) Chrome/60.0.3112.90 Safari/537.36"
108.41.234.226 - - [11/Aug/2017:06:36:18 +1200] "GET /theme/image.php/clean/url/1499902978/icon HTTP/1.1" 200 13871 "http://coderun217.182.132.155 - - [11/Aug/2017:06:26:07 +1200] "GET /mod/book/view.php?id=50&chapterid=599 HTTP/1.1" 200 9727 "-" "Mozilla/5.0 (compatible; AhrefsBot/5.2; +http://ahrefs.com/robot/)"
66.249.79.40 - - [11/Aug/2017:06:26:53 +1200] "GET /calendar/view.php?view=month&course=1&time=122525089200 HTTP/1.1" 200 9829 "-" "Mozilla/5.0 (compatible; Googlebot/2.1; +http://www.google.com/bot.html)"
66.249.79.38 - - [11/Aug/2017:06:28:35 +1200] "GET /calendar/view.php?view=month&time=-121381327800&course=1 HTTP/1.1" 200 9853 "-" "Mozilla/5.0 (compatible; Googlebot/2.1; +http://www.google.com/bot.html)"
66.249.79.38 - - [11/Aug/2017:06:30:22 +1200] "GET /calendar/view.php?view=month&course=1&time=122527681200 HTTP/1.1" 200 9845 "-" "Mozilla/5.0 (compatible; Googlebot/2.1; +http://www.google.com/bot.html)"
66.249.79.38 - - [11/Aug/2017:06:30:24 +1200] "GET /calendar/view.php?view=month&course=1&time=-121384006200 HTTP/1.1" 200 9822 "-" "Mozilla/5.0 (compatible; Googlebot/2.1; +http://www.google.com/bot.html)"
132.181.16.99 - - [11/Aug/2017:06:33:24 +1200] "GET / HTTP/1.0" 200 35308 "-" "check_http/v2.2.1 (nagios-plugins 2.2.1)"
66.249.79.38 - - [11/Aug/2017:06:34:18 +1200] "POST /lib/ajax/service.php?sesskey=0Q4At9DwWI HTTP/1.1" 200 614 "http://coderunner.org.nz/calendar/view.php?view=month&course=1&time=120476458800" "Mozilla/5.0 (compatible; Googlebot/2.1; +http://www.google.com/bot.html)"
66.249.79.40 - - [11/Aug/2017:06:35:16 +1200] "GET /calendar/view.php?view=month&course=1&time=-121386598200 HTTP/1.1" 200 9801 "-" "Mozilla/5.0 (compatible; Googlebot/2.1; +http://www.google.com/bot.html)"
108.41.234.226 - - [11/Aug/2017:06:36:16 +1200] "GET /mod/forum/discuss.php?d=20 HTTP/1.1" 200 15345 "https://www.google.com/" "Mozilla/5.0 (Macintosh; Intel Mac OS X 10_12_6) AppleWebKit/537.36 (KHTML, like Gecko) Chrome/60.0.3112.90 Safari/537.36"
108.41.234.226 - - [11/Aug/2017:06:36:17 +1200] "GET /theme/yui_combo.php?rollup/3.17.2/yui-moodlesimple-min.css HTTP/1.1" 200 1536 "http://coderunner.org.nz/mod/forum/discuss.php?d=20" "Mozilla/5.0 (Macintosh; Intel Mac OS X 10_12_6) AppleWebKit/537.36 (KHTML, like Gecko) Chrome/60.0.3112.90 Safari/537.36"
108.41.234.226 - - [11/Aug/2017:06:36:17 +1200] "GET /lib/javascript.php/1499902978/lib/javascript-static.js HTTP/1.1" 200 9274 "http://coderunner.org.nz/mod/forum/discuss.php?d=20" "Mozilla/5.0 (Macintosh; Intel Mac OS X 10_12_6) AppleWebKit/537.36 (KHTML, like Gecko) Chrome/60.0.3112.90 Safari/537.36"
108.41.234.226 - - [11/Aug/2017:06:36:17 +1200] "GET /theme/yui_combo.php?rollup/3.17.2/yui-moodlesimple-min.js&rollup/1499902978/mcore-min.js HTTP/1.1" 200 89374 "http://coderunner.org.nz/mod/forum/discuss.php?d=20" "Mozilla/5.0 (Macintosh; Intel Mac OS X 10_12_6) AppleWebKit/537.36 (KHTML, like Gecko) Chrome/60.0.3112.90 Safari/537.36"
108.41.234.226 - - [11/Aug/2017:06:36:17 +1200] "GET /theme/styles.php/clean/1499902978/all HTTP/1.1" 200 108235 "http://coderunner.org.nz/mod/forum/discuss.php?d=20" "Mozilla/5.0 (Macintosh; Intel Mac OS X 10_12_6) AppleWebKit/537.36 (KHTML, like Gecko) Chrome/60.0.3112.90 Safari/537.36"
108.41.234.226 - - [11/Aug/2017:06:36:18 +1200] "GET /lib/javascript.php/1499902978/lib/requirejs/require.min.js HTTP/1.1" 200 7066 "http://coderunner.org.nz/mod/forum/discuss.php?d=20" "Mozilla/5.0 (Macintosh; Intel Mac OS X 10_12_6) AppleWebKit/537.36 (KHTML, like Gecko) Chrome/60.0.3112.90 Safari/537.36"
108.41.234.226 - - [11/Aug/2017:06:36:18 +1200] "GET /theme/javascript.php/clean/1499902978/footer HTTP/1.1" 200 1075 "http://coderunner.org.nz/mod/forum/discuss.php?d=20" "Mozilla/5.0 (Macintosh; Intel Mac OS X 10_12_6) AppleWebKit/537.36 (KHTML, like Gecko) Chrome/60.0.3112.90 Safari/537.36"
108.41.234.226 - - [11/Aug/2017:06:36:18 +1200] "GET /theme/image.php/clean/core/1499902978/help HTTP/1.1" 200 1157 "http://coderunner.org.nz/mod/forum/discuss.php?d=20" "Mozilla/5.0 (Macintosh; Intel Mac OS X 10_12_6) AppleWebKit/537.36 (KHTML, like Gecko) Chrome/60.0.3112.90 Safari/537.36"
108.41.234.226 - - [11/Aug/2017:06:36:18 +1200] "GET /theme/image.php/clean/core/1499902978/u/f2 217.182.132.155 - - [11/Aug/2017:06:26:07 +1200] "GET /mod/book/view.php?id=50&chapterid=599 HTTP/1.1" 200 9727 "-" "Mozilla/5.0 (compatible; AhrefsBot/5.2; +http://ahrefs.com/robot/)"
66.249.79.40 - - [11/Aug/2017:06:26:53 +1200] "GET /calendar/view.php?view=month&course=1&time=122525089200 HTTP/1.1" 200 9829 "-" "Mozilla/5.0 (compatible; Googlebot/2.1; +http://www.google.com/bot.html)"
66.249.79.38 - - [11/Aug/2017:06:28:35 +1200] "GET /calendar/view.php?view=month&time=-121381327800&course=1 HTTP/1.1" 200 9853 "-" "Mozilla/5.0 (compatible; Googlebot/2.1; +http://www.google.com/bot.html)"
66.249.79.38 - - [11/Aug/2017:06:30:22 +1200] "GET /calendar/view.php?view=month&course=1&time=122527681200 HTTP/1.1" 200 9845 "-" "Mozilla/5.0 (compatible; Googlebot/2.1; +http://www.google.com/bot.html)"
66.249.79.38 - - [11/Aug/2017:06:30:24 +1200] "GET /calendar/view.php?view=month&course=1&time=-121384006200 HTTP/1.1" 200 9822 "-" "Mozilla/5.0 (compatible; Googlebot/2.1; +http://www.google.com/bot.html)"
132.181.16.99217.182.132.155 - - [11/Aug/2017:06:26:07 +1200] "GET /mod/book/view.php?id=50&chapterid=599 HTTP/1.1" 200 9727 "-" "Mozilla/5.0 (compatible; AhrefsBot/5.2; +http://ahrefs.com/robot/)"
66.249.79.40 - - [11/Aug/2017:06:26:53 +1200] "GET /calendar/view.php?view=month&course=1&time=122525089200 HTTP/1.1" 200 9829 "-" "Mozilla/5.0 (compatible; Googlebot/2.1; +http://www.google.com/bot.html)"
66.249.79.38 - - [11/Aug/2017:06:28:35 +1200] "GET /calendar/view.php?view=month&time=-121381327800&course=1 HTTP/1.1" 200 9853 "-" "Mozilla/5.0 (compatible; Googlebot/2.1; +http://www.google.com/bot.html)"
66.249.79.38 - - [11/Aug/2017:06:30:22 +1200] "GET /calendar/view.php?view=month&course=1&time=122527681200 HTTP/1.1" 200 9845 "-" "Mozilla/5.0 (compatible; Googlebot/2.1; +http://www.google.com/bot.html)"
66.249.79.38 - - [11/Aug/2017:06:30:24 +1200] "GET /calendar/view.php?view=month&course=1&time=-121384006200 HTTP/1.1" 200 9822 "-" "Mozilla/5.0 (compatible; Googlebot/2.1; +http://www.google.com/bot.html)"
132.181.16.99 - - [11/Aug/2017:06:33:24 +1200] "GET / HTTP/1.0" 200 35308 "-" "check_http/v2.2.1 (nagios-plugins 2.2.1)"
66.249.79.38 - - [11/Aug/2017:06:34:18 +1200] "POST /lib/ajax/service.php?sesskey=0Q4At9DwWI HTTP/1.1" 200 614 "http://coderunner.org.nz/calendar/view.php?view=month&course=1&time=120476458800" "Mozilla/5.0 (compatible; Googlebot/2.1; +http://www.google.com/bot.html)"
66.249.79.40 - - [11/Aug/2017:06:35:16 +1200] "GET /calendar/view.php?view=month&course=1&time=-121386598200 HTTP/1.1" 200 9801 "-" "Mozilla/5.0 (compatible; Googlebot/2.1; +http://www.google.com/bot.html)"
108.41.234.226 - - [11/Aug/2017:06:36:16 +1200] "GET /mod/forum/discuss.php?d=20 HTTP/1.1" 200 15345 "https://www.google.com/" "Mozilla/5.0 (Macintosh; Intel Mac OS X 10_12_6) AppleWebKit/537.36 (KHTML, like Gecko) Chrome/60.0.3112.90 Safari/537.36"
108.41.234.226 - - [11/Aug/2017:06:36:17 +1200] "GET /theme/yui_combo.php?rollup/3.17.2/yui-moodlesimple-min.css HTTP/1.1" 200 1536 "http://coderunner.org.nz/mod/forum/discuss.php?d=20" "Mozilla/5.0 (Macintosh; Intel Mac OS X 10_12_6) AppleWebKit/537.36 (KHTML, like Gecko) Chrome/60.0.3112.90 Safari/537.36"
108.41.234.226 - - [11/Aug/2017:06:36:17 +1200] "GET /lib/javascript.php/1499902978/lib/javascript-static.js HTTP/1.1" 200 9274 "http://coderunner.org.nz/mod/forum/discuss.php?d=20" "Mozilla/5.0 (Macintosh; Intel Mac OS X 10_12_6) AppleWebKit/537.36 (KHTML, like Gecko) Chrome/60.0.3112.90 Safari/537.36"
108.41.234.226 - - [11/Aug/2017:06:36:17 +1200] "GET /theme/yui_combo.php?rollup/3.17.2/yui-moodlesimple-min.js&rollup/1499902978/mcore-min.js HTTP/1.1" 200 89374 "http://coderunner.org.nz/mod/forum/discuss.php?d=20" "Mozilla/5.0 (Macintosh; Intel Mac OS X 10_12_6) AppleWebKit/537.36 (KHTML, like Gecko) Chrome/60.0.3112.90 Safari/537.36"
108.41.234.226 - - [11/Aug/2017:06:36:17 +1200] "GET /theme/styles.php/clean/1499902978/all HTTP/1.1" 200 108235 "http://coderunner.org.nz/mod/forum/discuss.php?d=20" "Mozilla/5.0 (Macintosh; Intel Mac OS X 10_12_6) AppleWebKit/537.36 (KHTML, like Gecko) Chrome/60.0.3112.90 Safari/537.36"
108.41.234.226 - - [11/Aug/2017:06:36:18 +1200] "GET /lib/javascript.php/1499902978/lib/requirejs/require.min.js HTTP/1.1" 200 7066 "http://coderunner.org.nz/mod/forum/discuss.php?d=20" "Mozilla/5.0 (Macintosh; Intel Mac OS X 10_12_6) AppleWebKit/537.36 (KHTML, like Gecko) Chrome/60.0.3112.90 Safari/537.36"
108.41.234.226 - - [11/Aug/2017:06:36:18 +1200] "GET /theme/javascript.php/clean/1499902978/footer HTTP/1.1" 200 1075 "http://coderunner.org.nz/mod/forum/discuss.php?d=20" "Mozilla/5.0 (Macintosh; Intel Mac OS X 10_12_6) AppleWebKit/537.36 (KHTML, like Gecko) Chrome/60.0.3112.90 Safari/537.36"
108.41.234.226 - - [11/Aug/2017:06:36:18 +1200] "GET /theme/image.php/clean/core/1499902978/help HTTP/1.1" 200 1157 "http://coderunner.org.nz/mod/forum/discuss.php?d=20" "Mozilla/5.0 (Macintosh; Intel Mac OS X 10_12_6) AppleWebKit/537.36 (KHTML, like Gecko) Chrome/60.0.3112.90 Safari/537.36"
108.41.234.226 - - [11/Aug/2017:06:36:18 +1200] "GET /theme/image.php/clean/core/1499902978/u/f2 HTTP/1.1" 200 797 "http://coderunner.org.nz/mod/forum/discuss.php?d=20" "Mozilla/5.0 (Macintosh; Intel Mac OS X 10_12_6) AppleWebKit/537.36 (KHTML, like Gecko) Chrome/60.0.3112.90 Safari/537.36"
108.41.234.226 - - [11/Aug/2017:06:36:18 +1200] "GET /pluginfile.php/1564/mod_forum/post/57/sample.png HTTP/1.1" 200 118109 "http://coderunner.org.nz/mod/forum/discuss.php?d=20" "Mozilla/5.0 (Macintosh; Intel Mac OS X 10_12_6) AppleWebKit/537.36 (KHTML, like Gecko) Chrome/60.0.3112.90 Safari/537.36"
108.41.234.226 - - [11/Aug/2017:06:36:18 +1200] "GET /pluginfile.php/1564/mod_forum/post/58/Selection_067.png HTTP/1.1" 200 61548 "http://coderunner.org.nz/mod/forum/discuss.php?d=20" "Mozilla/5.0 (Macintosh; Intel Mac OS X 10_12_6) AppleWebKit/537.36 (KHTML, like Gecko) Chrome/60.0.3112.90 Safari/537.36"
108.41.234.226 - - [11/Aug/2017:06:36:18 +1200] "GET /theme/image.php/clean/book/1499902978/icon HTTP/1.1" 200 2871 "http://coderunner.org.nz/mod/forum/discuss.php?d=20" "Mozilla/5.0 (Macintosh; Intel Mac OS X 10_12_6) AppleWebKit/537.36 (KHTML, like Gecko) Chrome/60.0.3112.90 Safari/537.36"
108.41.234.226 - - [11/Aug/2017:06:36:18 +1200] "GET /theme/image.php/clean/core/1499902978/t/expanded HTTP/1.1" 200 860 "http://coderunner.org.nz/theme/styles.php/clean/1499902978/all" "Mozilla/5.0 (Macintosh; Intel Mac OS X 10_12_6) AppleWebKit/537.36 (KHTML, like Gecko) Chrome/60.0.3112.90 Safari/537.36"
108.41.234.226 - - [11/Aug/2017:06:36:18 +1200] "GET /theme/image.php/clean/url/1499902978/icon HTTP/1.1" 200 13871 "http://coderunner.org.nz/mod/forum/discuss.php?d=20" "Mozilla/5.0 (Macintosh; Intel Mac OS X 10_12_6) AppleWebKit/537.36 (KHTML, like Gecko) Chrome/60.0.3112.90 Safari/537.36"
108.41.234.226 - - [11/Aug/2017:06:36:18 +1200] "GET /theme/image.php/clean/forum/1499902978/icon HTTP/1.1" 200 2865 "http://coderunner.org.nz/mod/forum/discuss.php?d=20" "Mozilla/5.0 (Macintosh; Intel Mac OS X 10_12_6) AppleWebKit/537.36 (KHTML, like Gecko) Chrome/60.0.3112.90 Safari/537.36"
108.41.234.226 - - [11/Aug/2017:06:36:19 +1200] "GET /theme/image.php/clean/core/1499902978/f/pdf-24 HTTP/1.1" 200 1782 "http://coderunner.org.nz/mod/forum/discuss.php?d=20" "Mozilla/5.0 (Macintosh; Intel Mac OS X 10_12_6) AppleWebKit/537.36 (KHTML, like Gecko) Chrome/60.0.3112.90 Safari/537.36"
108.41.234.226 - - [11/Aug/2017:06:36:19 +1200] "GET /theme/image.php/clean/page/1499902978/icon HTTP/1.1" 200 4261 "http://coderunner.org.nz/mod/forum/discuss.php?d=20" "Mozilla/5.0 (Macintosh; Intel Mac OS X 10_12_6) AppleWebKit/537.36 (KHTML, like Gecko) Chrome/60.0.3112.90 Safari/537.36"
108.41.234.226 - - [11/Aug/2017:06:36:19 +1200] "GET /theme/image.php/clean/core/1499902978/t/block_to_dock HTTP/1.1" 200 1068 "http://coderunner.org.nz/mod/forum/discuss.php?d=20" "Mozilla/5.0 (Macintosh; Intel Mac OS X 10_12_6) AppleWebKit/537.36 (KHTML, like Gecko) Chrome/60.0.3112.90 Safari/537.36"
108.41.234.226 - - [11/Aug/2017:06:36:19 +1200] "GET /theme/image.php/clean/core/1499902978/i/navigationitem HTTP/1.1" 200 870 "http://coderunner.org.nz/mod/forum/discuss.php?d=20" "Mozilla/5.0 (Macintosh; Intel Mac OS X 10_12_6) AppleWebKit/537.36 (KHTML, like Gecko) Chrome/60.0.3112.90 Safari/537.36"
108.41.234.226 - - [11/Aug/2017:06:36:19 +1200] "GET /theme/image.php/clean/core/1499902978/f/markup HTTP/1.1" 200 1038 "http://coderunner.org.nz/mod/forum/discuss.php?d=20" "Mozilla/5.0 (Macintosh; Intel Mac OS X 10_12_6) AppleWebKit/537.36 (KHTML, like Gecko) Chrome/60.0.3112.90 Safari/537.36"
108.41.234.226 - - [11/Aug/2017:06:36:19 +1200] "GET /theme/image.php/clean/core/1499902978/f/pdf HTTP/1.1" 200 1048 "http://coderunner.org.nz/mod/forum/discuss.php?d=20" "Mozilla/5.0 (Macintosh; Intel Mac OS X 10_12_6) AppleWebKit/537.36 (KHTML, like Gecko) Chrome/60.0.3112.90 Safari/537.36"
108.41.234.226 - - [11/Aug/2017:06:36:19 +1200] "GET /theme/image.php/clean/quiz/1499902978/icon HTTP/1.1" 200 3046 "http://coderunner.org.nz/mod/forum/discuss.php?d=20" "Mozilla/5.0 (Macintosh; Intel Mac OS X 10_12_6) AppleWebKit/537.36 (KHTML, like Gecko) Chrome/60.0.3112.90 Safari/537.36"
108.41.234.226 - - [11/Aug/2017:06:36:19 +1200] "GET /pluginfile.php/1564/mod_forum/attachment/60/Captura%20de%20pantalla%202016-07-08%20a%20las%201.03.59%20p.m..png HTTP/1.1" 200 58120 "http://coderunner.org.nz/mod/forum/discuss.php?d=20" "Mozilla/5.0 (Macintosh; Intel Mac OS X 10_12_6) AppleWebKit/537.36 (KHTML, like Gecko) Chrome/60.0.3112.90 Safari/537.36"
108.41.234.226 - - [11/Aug/2017:06:36:19 +1200] "GET /pluginfile.php/1564/mod_forum/attachment/60/Captura%20de%20pantalla%202016-07-08%20a%20las%201.04.04%20p.m..png HTTP/1.1" 200 55635 "http://coderunner.org.nz/mod/forum/discuss.php?d=20" "Mozilla/5.0 (Macintosh; Intel Mac OS X 10_12_6) AppleWebKit/537.36 (KHTML, like Gecko) Chrome/60.0.3112.90 Safari/537.36"
108.41.234.226 - - [11/Aug/2017:06:36:19 +1200] "GET /theme/image.php/clean/core/1499902978/t/collapsed HTTP/1.1" 200 862 "http://coderunner.org.nz/theme/styles.php/clean/1499902978/all" "Mozilla/5.0 (Macintosh; Intel Mac OS X 10_12_6) AppleWebKit/537.36 (KHTML, like Gecko) Chrome/60.0.3112.90 Safari/537.36"
