128.138.65.250 - - [11/Aug/2017:10:02:43 +1200] "GET /theme/yui_combo.php?rollup/3.17.2/yui-moodlesimple-min.css HTTP/1.1" 200 1536 "http://coderunner.org.nz/" "Mozilla/5.0 (Macintosh; Intel Mac OS X 10_10_4) AppleWebKit/537.36 (KHTML, like Gecko) Chrome/59.0.3071.115 Safari/537.36"
128.138.65.250 - - [11/Aug/2017:10:02:48 +1200] "GET /theme/styles.php/clean/1499902978/all HTTP/1.1" 200 108235 "http://coderunner.org.nz/" "Mozilla/5.0 (Macintosh; Intel Mac OS X 10_10_4) AppleWebKit/537.36 (KHTML, like Gecko) Chrome/59.0.3071.115 Safari/537.36"
128.138.65.250 - - [11/Aug/2017:10:02:49 +1200] "GET /lib/javascript.php/1499902978/lib/requirejs/require.min.js HTTP/1.1" 200 7066 "http://coderunner.org.nz/" "Mozilla/5.0 (Macintosh; Intel Mac OS X 10_10_4) AppleWebKit/537.36 (KHTML, like Gecko) Chrome/59.0.3071.115 Safari/537.36"
128.138.65.250 - - [11/Aug/2017:10:02:49 +1200] "GET /theme/image.php/clean/book/1499902978/icon HTTP/1.1" 200 2871 "http://coderunner.org.nz/" "Mozilla/5.0 (Macintosh; Intel Mac OS X 10_10_4) AppleWebKit/537.36 (KHTML, like Gecko) Chrome/59.0.3071.115 Safari/537.36"
128.138.65.250 - - [11/Aug/2017:10:02:50 +1200] "GET /theme/image.php/clean/core/1499902978/f/pdf-24 HTTP/1.1" 200 1782 "http://coderunner.org.nz/" "Mozilla/5.0 (Macintosh; Intel Mac OS X 10_10_4) AppleWebKit/537.36 (KHTML, like Gecko) Chrome/59.0.3071.115 Safari/537.36"
128.138.65.250 - - [11/Aug/2017:10:02:50 +1200] "GET /theme/image.php/clean/url/1499902978/icon HTTP/1.1" 200 13870 "http://coderunner.org.nz/" "Mozilla/5.0 (Macintosh; Intel Mac OS X 10_10_4) AppleWebKit/537.36 (KHTML, like Gecko) Chrome/59.0.3071.115 Safari/537.36"
128.138.65.250 - - [11/Aug/2017:10:02:50 +1200] "GET /theme/image.php/clean/forum/1499902978/icon HTTP/1.1" 200 2865 "http://coderunner.org.nz/" "Mozilla/5.0 (Macintosh; Intel Mac OS X 10_10_4) AppleWebKit/537.36 (KHTML, like Gecko) Chrome/59.0.3071.115 Safari/537.36"
128.138.65.250 - - [11/Aug/2017:10:02:50 +1200] "GET /theme/image.php/clean/page/1499902978/icon HTTP/1.1" 200 4261 "http://coderunner.org.nz/" "Mozilla/5.0 (Macintosh; Intel Mac OS X 10_10_4) AppleWebKit/537.36 (KHTML, like Gecko) Chrome/59.0.3071.115 Safari/537.36"
128.138.65.250 - - [11/Aug/2017:10:02:50 +1200] "GET /theme/image.php/clean/core/1499902978/i/course HTTP/1.1" 200 1386 "http://coderunner.org.nz/" "Mozilla/5.0 (Macintosh; Intel Mac OS X 10_10_4) AppleWebKit/537.36 (KHTML, like Gecko) Chrome/59.0.3071.115 Safari/537.36"
128.138.65.250 - - [11/Aug/2017:10:02:51 +1200] "GET /theme/image.php/clean/core/1499902978/moodlelogo HTTP/1.1" 200 2558 "http://coderunner.org.nz/" "Mozilla/5.0 (Macintosh; Intel Mac OS X 10_10_4) AppleWebKit/537.36 (KHTML, like Gecko) Chrome/59.0.3071.115 Safari/537.36"
66.249.79.40 - - [11/Aug/2017:10:02:54 +1200] "GET /calendar/view.php?view=month&course=1&time=-121486476600 HTTP/1.1" 200 9837 "-" "Mozilla/5.0 (compatible; Googlebot/2.1; +http://www.google.com/bot.html)"
128.138.65.250 - - [11/Aug/2017:10:02:56 +1200] "GET /theme/yui_combo.php?rollup/3.17.2/yui-moodlesimple-min.js&rollup/1499902978/mcore-min.js HTTP/1.1" 200 89374 "http://coderunner.org.nz/" "Mozilla/5.0 (Macintosh; Intel Mac OS X 10_10_4) AppleWebKit/537.36 (KHTML, like Gecko) Chrome/59.0.3071.115 Safari/537.36"
128.138.65.250 - - [11/Aug/2017:10:03:01 +1200] "GET /lib/javascript.php/1499902978/lib/javascript-static.js HTTP/1.1" 200 9274 "http://coderunner.org.nz/" "Mozilla/5.0 (Macintosh; Intel Mac OS X 10_10_4) AppleWebKit/537.36 (KHTML, like Gecko) Chrome/59.0.3071.115 Safari/537.36"
128.138.65.250 - - [11/Aug/2017:10:03:03 +1200] "GET /lib/requirejs.php/1499902978/core/first.js HTTP/1.1" 200 171556 "http://coderunner.org.nz/" "Mozilla/5.0 (Macintosh; Intel Mac OS X 10_10_4) AppleWebKit/537.36 (KHTML, like Gecko) Chrome/59.0.3071.115 Safari/537.36"
128.138.65.250 - - [11/Aug/2017:10:03:04 +1200] "GET /lib/javascript.php/1499902978/lib/requirejs/jquery-private.js HTTP/1.1" 200 601 "http://coderunner.org.nz/" "Mozilla/5.0 (Macintosh; Intel Mac OS X 10_10_4) AppleWebKit/537.36 (KHTML, like Gecko) Chrome/59.0.3071.115 Safari/537.36"
128.138.65.250 - - [11/Aug/2017:10:03:04 +1200] "GET /lib/javascript.php/1499902978/lib/jquery/jquery-3.1.0.min.js HTTP/1.1" 200 30542 "http://coderunner.org.nz/" "Mozilla/5.0 (Macintosh; Intel Mac OS X 10_10_4) AppleWebKit/537.36 (KHTML, like Gecko) Chrome/59.0.3071.115 Safari/537.36"
128.138.65.250 - - [11/Aug/2017:10:03:05 +1200] "GET /theme/yui_combo.php?3.17.2/event-mousewheel/event-mousewheel-min.js&3.17.2/event-resize/event-resize-min.js&3.17.2/event-hover/event-hover-min.js&3.17.2/event-touch/event-touch-min.js&3.17.2/event-move/event-move-min.js&3.17.2/event-flick/event-flick-min.js&3.17.2/event-valuechange/event-valuechange-min.js&3.17.2/event-tap/event-tap-min.js&m/1499902978/core/event/event-min.js HTTP/1.1" 200 5595 "http://coderunner.org.nz/" "Mozilla/5.0 (Macintosh; Intel Mac OS X 10_10_4) AppleWebKit/537.36 (KHTML, like Gecko) Chrome/59.0.3071.115 Safari/537.36"
128.138.65.250 - - [11/Aug/2017:10:03:06 +1200] "POST /lib/ajax/service.php?sesskey=bHkNjfB3f8 HTTP/1.1" 200 551 "http://coderunner.org.nz/" "Mozilla/5.0 (Macintosh; Intel Mac OS X 10_10_4) AppleWebKit/537.36 (KHTML, like Gecko) Chrome/59.0.3071.115 Safari/537.36"
128.138.65.250 - - [11/Aug/2017:10:03:11 +1200] "GET /theme/javascript.php/clean/1499902978/footer HTTP/1.1" 200 1076 "http://coderunner.org.nz/" "Mozilla/5.0 (Macintosh; Intel Mac OS X 10_10_4) AppleWebKit/537.36 (KHTML, like Gecko) Chrome/59.0.3071.115 Safari/537.36"
128.138.65.250 - - [11/Aug/2017:10:03:11 +1200] "GET /theme/yui_combo.php?m/1499902978/filter_mathjaxloader/loader/loader-min.js HTTP/1.1" 200 1069 "http://coderunner.org.nz/" "Mozilla/5.0 (Macintosh; Intel Mac OS X 10_10_4) AppleWebKit/537.36 (KHTML, like Gecko) Chrome/59.0.3071.115 Safari/537.36"
128.138.65.250 - - [11/Aug/2017:10:03:12 +1200] "GET /theme/yui_combo.php?3.17.2/cssbutton/cssbutton-min.css HTTP/1.1" 200 1611 "http://coderunner.org.nz/" "Mozilla/5.0 (Macintosh; Intel Mac OS X 10_10_4) AppleWebKit/537.36 (KHTML, like Gecko) Chrome/59.0.3071.115 Safari/537.36"
128.138.65.250 - - [11/Aug/2017:10:03:12 +1200] "GET /theme/yui_combo.php?3.17.2/plugin/plugin-min.js&m/1499902978/core/lockscroll/lockscroll-min.js HTTP/1.1" 200 1583 "http://coderunner.org.nz/" "Mozilla/5.0 (Macintosh; Intel Mac OS X 10_10_4) AppleWebKit/537.36 (KHTML, like Gecko) Chrome/59.0.3071.115 Safari/537.36"
128.138.65.250 - - [11/Aug/2017:10:03:12 +1200] "GET /theme/image.php/clean/core/1499902978/t/switch_plus HTTP/1.1" 200 1102 "http://coderunner.org.nz/" "Mozilla/5.0 (Macintosh; Intel Mac OS X 10_10_4) AppleWebKit/537.36 (KHTML, like Gecko) Chrome/59.0.3071.115 Safari/537.36"
128.138.65.250 - - [11/Aug/2017:10:03:17 +1200] "GET /pluginfile.php/2/course/section/8/junk.png HTTP/1.1" 200 38506 "http://coderunner.org.nz/" "Mozilla/5.0 (Macintosh; Intel Mac OS X 10_10_4) AppleWebKit/537.36 (KHTML, like Gecko) Chrome/59.0.3071.115 Safari/537.36"
128.138.65.250 - - [11/Aug/2017:10:03:23 +1200] "GET /theme/image.php/clean/quiz/1499902978/icon HTTP/1.1" 200 3047 "http://coderunner.org.nz/" "Mozilla/5.0 (Macintosh; Intel Mac OS X 10_10_4) AppleWebKit/537.36 (KHTML, like Gecko) Chrome/59.0.3071.115 Safari/537.36"
132.181.16.99 - - [11/Aug/2017:10:03:24 +1200] "GET / HTTP/1.0" 200 35308 "-" "check_http/v2.2.1 (nagios-plugins 2.2.1)"
128.138.65.250 - - [11/Aug/2017:10:03:28 +1200] "GET /pluginfile.php/1/theme_clean/logo/1499902978/coderunner5.jpg HTTP/1.1" 200 16912 "http://coderunner.org.nz/theme/styles.php/clean/1499902978/all" "Mozilla/5.0 (Macintosh; Intel Mac OS X 10_10_4) AppleWebKit/537.36 (KHTML, like Gecko) Chrome/59.0.3071.115 Safari/537.36"
128.138.65.250 - - [11/Aug/2017:10:03:34 +1200] "GET /theme/image.php/clean/core/1499902978/t/block_to_dock HTTP/1.1" 200 1069 "http://coderunner.org.nz/" "Mozilla/5.0 (Macintosh; Intel Mac OS X 10_10_4) AppleWebKit/537.36 (KHTML, like Gecko) Chrome/59.0.3071.115 Safari/537.36"
128.138.65.250 - - [11/Aug/2017:10:03:34 +1200] "GET /theme/image.php/clean/core/1499902978/t/switch_minus HTTP/1.1" 200 1018 "http://coderunner.org.nz/" "Mozilla/5.0 (Macintosh; Intel Mac OS X 10_10_4) AppleWebKit/537.36 (KHTML, like Gecko) Chrome/59.0.3071.115 Safari/537.36"
128.138.65.250 - - [11/Aug/2017:10:03:34 +1200] "GET /theme/image.php/clean/theme/1499902978/favicon HTTP/1.1" 200 1629 "http://coderunner.org.nz/" "Mozilla/5.0 (Macintosh; Intel Mac OS X 10_10_4) AppleWebKit/537.36 (KHTML, like Gecko) Chrome/59.0.3071.115 Safari/537.36"
66.249.79.43 - - [11/Aug/2017:10:04:23 +1200] "GET /calendar/view.php?view=month&time=122630238000&course=1 HTTP/1.1" 200 9838 "-" "Mozilla/5.0 (compatible; Googlebot/2.1; +http://www.google.com/bot.html)"
66.249.79.38 - - [11/Aug/2017:10:05:41 +1200] "POST /lib/ajax/service.php?sesskey=hTKRFteydD HTTP/1.1" 200 614 "http://coderunner.org.nz/calendar/view.php?view=month&course=1&time=-19105155000" "Mozilla/5.0 (compatible; Googlebot/2.1; +http://www.google.com/bot.html)"
66.249.79.43 - - [11/Aug/2017:10:06:07 +1200] "POST /lib/ajax/service.php?sesskey=wbhWank3tt HTTP/1.1" 200 614 "http://coderunner.org.nz/calendar/view.php?view=month&course=1&time=-105192559800" "Mozilla/5.0 (compatible; Googlebot/2.1; +http://www.google.com/bot.html)"
66.249.79.40 - - [11/Aug/2017:10:06:16 +1200] "GET /calendar/view.php?view=month&time=-121489155000&course=1 HTTP/1.1" 200 9812 "-" "Mozilla/5.0 (compatible; Googlebot/2.1; +http://www.google.com/bot.html)"
66.249.79.43 - - [11/Aug/2017:10:08:08 +1200] "POST /lib/ajax/service.php?sesskey=45HE76RqKg HTTP/1.1" 200 614 "http://coderunner.org.nz/calendar/view.php?view=month&time=118898622000&course=1" "Mozilla/5.0 (compatible; Googlebot/2.1; +http://www.google.com/bot.html)"
66.249.79.40 - - [11/Aug/2017:10:08:17 +1200] "POST /lib/ajax/service.php?sesskey=9K1VYGp9sn HTTP/1.1" 200 614 "http://coderunner.org.nz/calendar/view.php?view=month&time=118404327600&course=1" "Mozilla/5.0 (compatible; Googlebot/2.1; +http://www.google.com/bot.html)"
66.249.79.38 - - [11/Aug/2017:10:08:31 +1200] "POST /lib/ajax/service.php?sesskey=Xp1gdlRy3Y HTTP/1.1" 200 614 "http://coderunner.org.nz/calendar/view.php?view=month&course=1&time=-117465593400" "Mozilla/5.0 (compatible; Googlebot/2.1; +http://www.google.com/bot.html)"
66.249.79.43 - - [11/Aug/2017:10:09:44 +1200] "GET /calendar/view.php?view=month&time=122632916400&course=1 HTTP/1.1" 200 9820 "-" "Mozilla/5.0 (compatible; Googlebot/2.1; +http://www.google.com/bot.html)"
66.249.79.43 - - [11/Aug/2017:10:10:06 +1200] "GET /calendar/view.php?view=month&time=-121491660600&course=1 HTTP/1.1" 200 9812 "-" "Mozilla/5.0 (compatible; Googlebot/2.1; +http://www.google.com/bot.html)"
66.249.79.40 - - [11/Aug/2017:10:12:45 +1200] "POST /lib/ajax/service.php?sesskey=kgDDwcOSQs HTTP/1.1" 200 614 "http://coderunner.org.nz/calendar/view.php?view=month&course=1&time=119206206000" "Mozilla/5.0 (compatible; Googlebot/2.1; +http://www.google.com/bot.html)"
66.249.79.40 - - [11/Aug/2017:10:12:52 +1200] "POST /lib/ajax/service.php?sesskey=OcBnlxRhxl HTTP/1.1" 200 614 "http://coderunner.org.nz/calendar/view.php?view=month&time=-121475935800&course=1" "Mozilla/5.0 (compatible; Googlebot/2.1; +http://www.google.com/bot.html)"
132.181.16.99 - - [11/Aug/2017:10:13:24 +1200] "GET / HTTP/1.0" 200 35308 "-" "check_http/v2.2.1 (nagios-plugins 2.2.1)"
66.249.79.43 - - [11/Aug/2017:10:14:06 +1200] "POST /lib/ajax/service.php?sesskey=Rgl5r7WowD HTTP/1.1" 200 614 "http://coderunner.org.nz/calendar/view.php?view=month&time=122432986800&course=1" "Mozilla/5.0 (compatible; Googlebot/2.1; +http://www.google.com/bot.html)"
128.138.65.250 - - [11/Aug/2017:10:14:11 +1200] "GET /mod/url/view.php?id=47 HTTP/1.1" 303 850 "http://coderunner.org.nz/" "Mozilla/5.0 (Macintosh; Intel Mac OS X 10_10_4) AppleWebKit/537.36 (KHTML, like Gecko) Chrome/59.0.3071.115 Safari/537.36"
128.138.65.250 - - [11/Aug/2017:10:14:11 +1200] "GET /mod/quiz/view.php?id=45 HTTP/1.1" 303 833 "http://coderunner.org.nz/" "Mozilla/5.0 (Macintosh; Intel Mac OS X 10_10_4) AppleWebKit/537.36 (KHTML, like Gecko) Chrome/59.0.3071.115 Safari/537.36"
128.138.65.250 - - [11/Aug/2017:10:14:12 +1200] "GET /login/index.php HTTP/1.1" 200 7448 "http://coderunner.org.nz/" "Mozilla/5.0 (Macintosh; Intel Mac OS X 10_10_4) AppleWebKit/537.36 (KHTML, like Gecko) Chrome/59.0.3071.115 Safari/537.36"
128.138.65.250 - - [11/Aug/2017:10:14:12 +1200] "GET /theme/image.php/clean/core/1499902978/help HTTP/1.1" 200 1157 "http://coderunner.org.nz/login/index.php" "Mozilla/5.0 (Macintosh; Intel Mac OS X 10_10_4) AppleWebKit/537.36 (KHTML, like Gecko) Chrome/59.0.3071.115 Safari/537.36"
128.138.65.250 - - [11/Aug/2017:10:14:12 +1200] "POST /lib/ajax/service.php?sesskey=bHkNjfB3f8 HTTP/1.1" 200 551 "http://coderunner.org.nz/login/index.php" "Mozilla/5.0 (Macintosh; Intel Mac OS X 10_10_4) AppleWebKit/537.36 (KHTML, like Gecko) Chrome/59.0.3071.115 Safari/537.36"
128.138.65.250 - - [11/Aug/2017:10:14:12 +1200] "GET /theme/yui_combo.php?m/1499902978/core/event/event-min.js&m/1499902978/filter_mathjaxloader/loader/loader-min.js HTTP/1.1" 200 1330 "http://coderunner.org.nz/login/index.php" "Mozilla/5.0 (Macintosh; Intel Mac OS X 10_10_4) AppleWebKit/537.36 (KHTML, like Gecko) Chrome/59.0.3071.115 Safari/537.36"
128.138.65.250 - - [11/Aug/2017:10:14:13 +1200] "GET /theme/yui_combo.php?3.17.2/event-mousewheel/event-mousewheel-min.js&3.17.2/event-resize/event-resize-min.js&3.17.2/event-hover/event-hover-min.js&3.17.2/event-touch/event-touch-min.js&3.17.2/event-move/event-move-min.js&3.17.2/event-flick/event-flick-min.js&3.17.2/event-valuechange/event-valuechange-min.js&3.17.2/event-tap/event-tap-min.js HTTP/1.1" 200 5313 "http://coderunner.org.nz/login/index.php" "Mozilla/5.0 (Macintosh; Intel Mac OS X 10_10_4) AppleWebKit/537.36 (KHTML, like Gecko) Chrome/59.0.3071.115 Safari/537.36"
128.138.65.250 - - [11/Aug/2017:10:14:24 +1200] "POST /login/index.php HTTP/1.1" 303 1014 "http://coderunner.org.nz/login/index.php" "Mozilla/5.0 (Macintosh; Intel Mac OS X 10_10_4) AppleWebKit/537.36 (KHTML, like Gecko) Chrome/59.0.3071.115 Safari/537.36"
128.138.65.250 - - [11/Aug/2017:10:14:24 +1200] "GET /login/index.php?testsession=1 HTTP/1.1" 303 849 "http://coderunner.org.nz/login/index.php" "Mozilla/5.0 (Macintosh; Intel Mac OS X 10_10_4) AppleWebKit/537.36 (KHTML, like Gecko) Chrome/59.0.3071.115 Safari/537.36"
128.138.65.250 - - [11/Aug/2017:10:14:25 +1200] "GET /mod/quiz/view.php?id=45 HTTP/1.1" 200 8844 "http://coderunner.org.nz/login/index.php" "Mozilla/5.0 (Macintosh; Intel Mac OS X 10_10_4) AppleWebKit/537.36 (KHTML, like Gecko) Chrome/59.0.3071.115 Safari/537.36"
128.138.65.250 - - [11/Aug/2017:10:14:25 +1200] "GET /theme/image.php/clean/core/1499902978/i/navigationitem HTTP/1.1" 200 870 "http://coderunner.org.nz/mod/quiz/view.php?id=45" "Mozilla/5.0 (Macintosh; Intel Mac OS X 10_10_4) AppleWebKit/537.36 (KHTML, like Gecko) Chrome/59.0.3071.115 Safari/537.36"
128.138.65.250 - - [11/Aug/2017:10:14:25 +1200] "GET /theme/image.php/clean/core/1499902978/t/collapsed HTTP/1.1" 200 863 "http://coderunner.org.nz/theme/styles.php/clean/1499902978/all" "Mozilla/5.0 (Macintosh; Intel Mac OS X 10_10_4) AppleWebKit/537.36 (KHTML, like Gecko) Chrome/59.0.3071.115 Safari/537.36"
128.138.65.250 - - [11/Aug/2017:10:14:25 +1200] "GET /theme/image.php/clean/core/1499902978/t/expanded HTTP/1.1" 200 861 "http://coderunner.org.nz/theme/styles.php/clean/1499902978/all" "Mozilla/5.0 (Macintosh; Intel Mac OS X 10_10_4) AppleWebKit/537.36 (KHTML, like Gecko) Chrome/59.0.3071.115 Safari/537.36"
128.138.65.250 - - [11/Aug/2017:10:14:25 +1200] "POST /lib/ajax/service.php?sesskey=421a8M2cNp HTTP/1.1" 200 347 "http://coderunner.org.nz/mod/quiz/view.php?id=45" "Mozilla/5.0 (Macintosh; Intel Mac OS X 10_10_4) AppleWebKit/537.36 (KHTML, like Gecko) Chrome/59.0.3071.115 Safari/537.36"
128.138.65.250 - - [11/Aug/2017:10:14:33 +1200] "POST /login/index.php HTTP/1.1" 200 7442 "http://coderunner.org.nz/mod/quiz/view.php?id=45" "Mozilla/5.0 (Macintosh; Intel Mac OS X 10_10_4) AppleWebKit/537.36 (KHTML, like Gecko) Chrome/59.0.3071.115 Safari/537.36"
128.138.65.250 - - [11/Aug/2017:10:14:33 +1200] "POST /lib/ajax/service.php?sesskey=421a8M2cNp HTTP/1.1" 200 347 "http://coderunner.org.nz/login/index.php" "Mozilla/5.0 (Macintosh; Intel Mac OS X 10_10_4) AppleWebKit/537.36 (KHTML, like Gecko) Chrome/59.0.3071.115 Safari/537.36"
128.138.65.250 - - [11/Aug/2017:10:14:36 +1200] "GET /login/forgot_password.php HTTP/1.1" 200 7226 "http://coderunner.org.nz/login/index.php" "Mozilla/5.0 (Macintosh; Intel Mac OS X 10_10_4) AppleWebKit/537.36 (KHTML, like Gecko) Chrome/59.0.3071.115 Safari/537.36"
128.138.65.250 - - [11/Aug/2017:10:14:36 +1200] "GET /theme/yui_combo.php?m/1499902978/core/formchangechecker/formchangechecker-min.js HTTP/1.1" 200 1389 "http://coderunner.org.nz/login/forgot_password.php" "Mozilla/5.0 (Macintosh; Intel Mac OS X 10_10_4) AppleWebKit/537.36 (KHTML, like Gecko) Chrome/59.0.3071.115 Safari/537.36"
128.138.65.250 - - [11/Aug/2017:10:14:36 +1200] "POST /lib/ajax/service.php?sesskey=421a8M2cNp HTTP/1.1" 200 348 "http://coderunner.org.nz/login/forgot_password.php" "Mozilla/5.0 (Macintosh; Intel Mac OS X 10_10_4) AppleWebKit/537.36 (KHTML, like Gecko) Chrome/59.0.3071.115 Safari/537.36"
128.138.65.250 - - [11/Aug/2017:10:14:46 +1200] "POST /login/forgot_password.php HTTP/1.1" 200 6868 "http://coderunner.org.nz/login/forgot_password.php" "Mozilla/5.0 (Macintosh; Intel Mac OS X 10_10_4) AppleWebKit/537.36 (KHTML, like Gecko) Chrome/59.0.3071.115 Safari/537.36"
128.138.65.250 - - [11/Aug/2017:10:14:47 +1200] "POST /lib/ajax/service.php?sesskey=421a8M2cNp HTTP/1.1" 200 347 "http://coderunner.org.nz/login/forgot_password.php" "Mozilla/5.0 (Macintosh; Intel Mac OS X 10_10_4) AppleWebKit/537.36 (KHTML, like Gecko) Chrome/59.0.3071.115 Safari/537.36"
128.138.65.250 - - [11/Aug/2017:10:14:53 +1200] "GET /index.php? HTTP/1.1" 200 8809 "http://coderunner.org.nz/login/forgot_password.php" "Mozilla/5.0 (Macintosh; Intel Mac OS X 10_10_4) AppleWebKit/537.36 (KHTML, like Gecko) Chrome/59.0.3071.115 Safari/537.36"
128.138.65.250 - - [11/Aug/2017:10:14:54 +1200] "POST /lib/ajax/service.php?sesskey=421a8M2cNp HTTP/1.1" 200 347 "http://coderunner.org.nz/index.php?" "Mozilla/5.0 (Macintosh; Intel Mac OS X 10_10_4) AppleWebKit/537.36 (KHTML, like Gecko) Chrome/59.0.3071.115 Safari/537.36"
66.249.79.43 - - [11/Aug/2017:10:15:05 +1200] "GET /calendar/view.php?view=month&time=-121494339000&course=1 HTTP/1.1" 200 9852 "-" "Mozilla/5.0 (compatible; Googlebot/2.1; +http://www.google.com/bot.html)"
66.249.79.43 - - [11/Aug/2017:10:15:06 +1200] "GET /calendar/view.php?view=month&time=122635422000&course=1 HTTP/1.1" 200 9828 "-" "Mozilla/5.0 (compatible; Googlebot/2.1; +http://www.google.com/bot.html)"
128.138.65.250 - - [11/Aug/2017:10:15:29 +1200] "GET /login/forgot_password.php?token=JWDuuYqp2Toec30jE0gQ32ggNN5lPBT9 HTTP/1.1" 303 854 "-" "Mozilla/5.0 (Macintosh; Intel Mac OS X 10_10_4) AppleWebKit/537.36 (KHTML, like Gecko) Chrome/59.0.3071.115 Safari/537.36"
128.138.65.250 - - [11/Aug/2017:10:15:30 +1200] "GET /login/forgot_password.php HTTP/1.1" 200 8845 "-" "Mozilla/5.0 (Macintosh; Intel Mac OS X 10_10_4) AppleWebKit/537.36 (KHTML, like Gecko) Chrome/59.0.3071.115 Safari/537.36"
128.138.65.250 - - [11/Aug/2017:10:15:30 +1200] "GET /theme/image.php/clean/core/1499902978/req HTTP/1.1" 200 577 "http://coderunner.org.nz/login/forgot_password.php" "Mozilla/5.0 (Macintosh; Intel Mac OS X 10_10_4) AppleWebKit/537.36 (KHTML, like Gecko) Chrome/59.0.3071.115 Safari/537.36"
128.138.65.250 - - [11/Aug/2017:10:15:30 +1200] "POST /lib/ajax/service.php?sesskey=421a8M2cNp HTTP/1.1" 200 347 "http://coderunner.org.nz/login/forgot_password.php" "Mozilla/5.0 (Macintosh; Intel Mac OS X 10_10_4) AppleWebKit/537.36 (KHTML, like Gecko) Chrome/59.0.3071.115 Safari/537.36"
128.138.65.250 - - [11/Aug/2017:10:15:40 +1200] "POST /login/forgot_password.php HTTP/1.1" 303 912 "http://coderunner.org.nz/login/forgot_password.php" "Mozilla/5.0 (Macintosh; Intel Mac OS X 10_10_4) AppleWebKit/537.36 (KHTML, like Gecko) Chrome/59.0.3071.115 Safari/537.36"
128.138.65.250 - - [11/Aug/2017:10:15:41 +1200] "GET /mod/quiz/view.php?id=45 HTTP/1.1" 200 10683 "http://coderunner.org.nz/login/forgot_password.php" "Mozilla/5.0 (Macintosh; Intel Mac OS X 10_10_4) AppleWebKit/537.36 (KHTML, like Gecko) Chrome/59.0.3071.115 Safari/537.36"
128.138.65.250 - - [11/Aug/2017:10:15:41 +1200] "GET /theme/image.php/clean/core/1499902978/u/f2 HTTP/1.1" 200 797 "http://coderunner.org.nz/mod/quiz/view.php?id=45" "Mozilla/5.0 (Macintosh; Intel Mac OS X 10_10_4) AppleWebKit/537.36 (KHTML, like Gecko) Chrome/59.0.3071.115 Safari/537.36"
128.138.65.250 - - [11/Aug/2017:10:15:42 +1200] "GET /theme/image.php/clean/core/1499902978/t/markasread HTTP/1.1" 200 945 "http://coderunner.org.nz/mod/quiz/view.php?id=45" "Mozilla/5.0 (Macintosh; Intel Mac OS X 10_10_4) AppleWebKit/537.36 (KHTML, like Gecko) Chrome/59.0.3071.115 Safari/537.36"
128.138.65.250 - - [11/Aug/2017:10:15:42 +1200] "GET /theme/image.php/clean/core/1499902978/i/user HTTP/1.1" 200 929 "http://coderunner.org.nz/mod/quiz/view.php?id=45" "Mozilla/5.0 (Macintosh; Intel Mac OS X 10_10_4) AppleWebKit/537.36 (KHTML, like Gecko) Chrome/59.0.3071.115 Safari/537.36"
128.138.65.250 - - [11/Aug/2017:10:15:42 +1200] "GET /theme/image.php/clean/core/1499902978/t/message HTTP/1.1" 200 870 "http://coderunner.org.nz/mod/quiz/view.php?id=45" "Mozilla/5.0 (Macintosh; Intel Mac OS X 10_10_4) AppleWebKit/537.36 (KHTML, like Gecko) Chrome/59.0.3071.115 Safari/537.36"
128.138.65.250 - - [11/Aug/2017:10:15:42 +1200] "GET /theme/image.php/clean/core/1499902978/t/preferences HTTP/1.1" 200 1284 "http://coderunner.org.nz/mod/quiz/view.php?id=45" "Mozilla/5.0 (Macintosh; Intel Mac OS X 10_10_4) AppleWebKit/537.36 (KHTML, like Gecko) Chrome/59.0.3071.115 Safari/537.36"
128.138.65.250 - - [11/Aug/2017:10:15:42 +1200] "GET /theme/image.php/clean/core/1499902978/a/logout HTTP/1.1" 200 1036 "http://coderunner.org.nz/mod/quiz/view.php?id=45" "Mozilla/5.0 (Macintosh; Intel Mac OS X 10_10_4) AppleWebKit/537.36 (KHTML, like Gecko) Chrome/59.0.3071.115 Safari/537.36"
128.138.65.250 - - [11/Aug/2017:10:15:42 +1200] "GET /theme/image.php/clean/core/1499902978/t/grades HTTP/1.1" 200 1020 "http://coderunner.org.nz/mod/quiz/view.php?id=45" "Mozilla/5.0 (Macintosh; Intel Mac OS X 10_10_4) AppleWebKit/537.36 (KHTML, like Gecko) Chrome/59.0.3071.115 Safari/537.36"
128.138.65.250 - - [11/Aug/2017:10:15:42 +1200] "GET /theme/image.php/clean/core/1499902978/i/notifications HTTP/1.1" 200 1682 "http://coderunner.org.nz/mod/quiz/view.php?id=45" "Mozilla/5.0 (Macintosh; Intel Mac OS X 10_10_4) AppleWebKit/537.36 (KHTML, like Gecko) Chrome/59.0.3071.115 Safari/537.36"
128.138.65.250 - - [11/Aug/2017:10:15:42 +1200] "GET /theme/image.php/clean/core/1499902978/i/settings HTTP/1.1" 200 1310 "http://coderunner.org.nz/mod/quiz/view.php?id=45" "Mozilla/5.0 (Macintosh; Intel Mac OS X 10_10_4) AppleWebKit/537.36 (KHTML, like Gecko) Chrome/59.0.3071.115 Safari/537.36"
128.138.65.250 - - [11/Aug/2017:10:15:42 +1200] "GET /theme/image.php/clean/core/1499902978/y/loading HTTP/1.1" 200 3446 "http://coderunner.org.nz/mod/quiz/view.php?id=45" "Mozilla/5.0 (Macintosh; Intel Mac OS X 10_10_4) AppleWebKit/537.36 (KHTML, like Gecko) Chrome/59.0.3071.115 Safari/537.36"
128.138.65.250 - - [11/Aug/2017:10:15:42 +1200] "GET /theme/yui_combo.php?3.17.2/event-simulate/event-simulate-min.js&3.17.2/async-queue/async-queue-min.js&3.17.2/gesture-simulate/gesture-simulate-min.js&3.17.2/node-event-simulate/node-event-simulate-min.js&m/1499902978/core/actionmenu/actionmenu-min.js HTTP/1.1" 200 8707 "http://coderunner.org.nz/mod/quiz/view.php?id=45" "Mozilla/5.0 (Macintosh; Intel Mac OS X 10_10_4) AppleWebKit/537.36 (KHTML, like Gecko) Chrome/59.0.3071.115 Safari/537.36"
128.138.65.250 - - [11/Aug/2017:10:15:42 +1200] "POST /lib/ajax/service.php?sesskey=xkPfAT4Lkn HTTP/1.1" 200 346 "http://coderunner.org.nz/mod/quiz/view.php?id=45" "Mozilla/5.0 (Macintosh; Intel Mac OS X 10_10_4) AppleWebKit/537.36 (KHTML, like Gecko) Chrome/59.0.3071.115 Safari/537.36"
128.138.65.250 - - [11/Aug/2017:10:15:42 +1200] "POST /lib/ajax/service.php?sesskey=xkPfAT4Lkn HTTP/1.1" 200 346 "http://coderunner.org.nz/mod/quiz/view.php?id=45" "Mozilla/5.0 (Macintosh; Intel Mac OS X 10_10_4) AppleWebKit/537.36 (KHTML, like Gecko) Chrome/59.0.3071.115 Safari/537.36"
128.138.65.250 - - [11/Aug/2017:10:15:42 +1200] "POST /lib/ajax/service.php?sesskey=xkPfAT4Lkn HTTP/1.1" 200 347 "http://coderunner.org.nz/mod/quiz/view.php?id=45" "Mozilla/5.0 (Macintosh; Intel Mac OS X 10_10_4) AppleWebKit/537.36 (KHTML, like Gecko) Chrome/59.0.3071.115 Safari/537.36"
128.138.65.250 - - [11/Aug/2017:10:15:42 +1200] "GET /theme/yui_combo.php?m/1499902978/core/notification/notification-alert-min.js&m/1499902978/core/notification/notification-confirm-min.js&m/1499902978/core/notification/notification-exception-min.js&m/1499902978/core/notification/notification-ajaxexception-min.js&m/1499902978/core/notification/notification-min.js HTTP/1.1" 200 2659 "http://coderunner.org.nz/mod/quiz/view.php?id=45" "Mozilla/5.0 (Macintosh; Intel Mac OS X 10_10_4) AppleWebKit/537.36 (KHTML, like Gecko) Chrome/59.0.3071.115 Safari/537.36"
128.138.65.250 - - [11/Aug/2017:10:15:42 +1200] "POST /lib/ajax/service-nologin.php?sesskey=xkPfAT4Lkn HTTP/1.1" 200 287 "http://coderunner.org.nz/mod/quiz/view.php?id=45" "Mozilla/5.0 (Macintosh; Intel Mac OS X 10_10_4) AppleWebKit/537.36 (KHTML, like Gecko) Chrome/59.0.3071.115 Safari/537.36"
128.138.65.250 - - [11/Aug/2017:10:15:42 +1200] "POST /lib/ajax/service-nologin.php?sesskey=xkPfAT4Lkn HTTP/1.1" 200 277 "http://coderunner.org.nz/mod/quiz/view.php?id=45" "Mozilla/5.0 (Macintosh; Intel Mac OS X 10_10_4) AppleWebKit/537.36 (KHTML, like Gecko) Chrome/59.0.3071.115 Safari/537.36"
::1 - - [11/Aug/2017:10:15:48 +1200] "OPTIONS * HTTP/1.0" 200 126 "-" "Apache/2.4.18 (Ubuntu) (internal dummy connection)"
128.138.65.250 - - [11/Aug/2017:10:15:50 +1200] "POST /mod/quiz/startattempt.php HTTP/1.1" 303 868 "http://coderunner.org.nz/mod/quiz/view.php?id=45" "Mozilla/5.0 (Macintosh; Intel Mac OS X 10_10_4) AppleWebKit/537.36 (KHTML, like Gecko) Chrome/59.0.3071.115 Safari/537.36"
128.138.65.250 - - [11/Aug/2017:10:15:50 +1200] "GET /mod/quiz/attempt.php?attempt=439 HTTP/1.1" 200 14216 "http://coderunner.org.nz/mod/quiz/view.php?id=45" "Mozilla/5.0 (Macintosh; Intel Mac OS X 10_10_4) AppleWebKit/537.36 (KHTML, like Gecko) Chrome/59.0.3071.115 Safari/537.36"
128.138.65.250 - - [11/Aug/2017:10:15:51 +1200] "GET /lib/javascript.php/1499902978/question/type/coderunner/ace/ace.js HTTP/1.1" 200 99373 "http://coderunner.org.nz/mod/quiz/attempt.php?attempt=439" "Mozilla/5.0 (Macintosh; Intel Mac OS X 10_10_4) AppleWebKit/537.36 (KHTML, like Gecko) Chrome/59.0.3071.115 Safari/537.36"
128.138.65.250 - - [11/Aug/2017:10:15:51 +1200] "GET /theme/image.php/clean/core/1499902978/i/unflagged HTTP/1.1" 200 712 "http://coderunner.org.nz/mod/quiz/attempt.php?attempt=439" "Mozilla/5.0 (Macintosh; Intel Mac OS X 10_10_4) AppleWebKit/537.36 (KHTML, like Gecko) Chrome/59.0.3071.115 Safari/537.36"
128.138.65.250 - - [11/Aug/2017:10:15:51 +1200] "GET /lib/javascript.php/1499902978/question/type/coderunner/ace/ext-modelist.js HTTP/1.1" 200 2471 "http://coderunner.org.nz/mod/quiz/attempt.php?attempt=439" "Mozilla/5.0 (Macintosh; Intel Mac OS X 10_10_4) AppleWebKit/537.36 (KHTML, like Gecko) Chrome/59.0.3071.115 Safari/537.36"
128.138.65.250 - - [11/Aug/2017:10:15:51 +1200] "GET /lib/javascript.php/1499902978/question/type/coderunner/ace/ext-language_tools.js HTTP/1.1" 200 11440 "http://coderunner.org.nz/mod/quiz/attempt.php?attempt=439" "Mozilla/5.0 (Macintosh; Intel Mac OS X 10_10_4) AppleWebKit/537.36 (KHTML, like Gecko) Chrome/59.0.3071.115 Safari/537.36"
128.138.65.250 - - [11/Aug/2017:10:15:51 +1200] "GET /theme/image.php/clean/core/1499902978/i/grade_incorrect HTTP/1.1" 200 993 "http://coderunner.org.nz/mod/quiz/attempt.php?attempt=439" "Mozilla/5.0 (Macintosh; Intel Mac OS X 10_10_4) AppleWebKit/537.36 (KHTML, like Gecko) Chrome/59.0.3071.115 Safari/537.36"
128.138.65.250 - - [11/Aug/2017:10:15:51 +1200] "POST /lib/ajax/service.php?sesskey=xkPfAT4Lkn HTTP/1.1" 200 346 "http://coderunner.org.nz/mod/quiz/attempt.php?attempt=439" "Mozilla/5.0 (Macintosh; Intel Mac OS X 10_10_4) AppleWebKit/537.36 (KHTML, like Gecko) Chrome/59.0.3071.115 Safari/537.36"
128.138.65.250 - - [11/Aug/2017:10:15:51 +1200] "POST /lib/ajax/service.php?sesskey=xkPfAT4Lkn HTTP/1.1" 200 347 "http://coderunner.org.nz/mod/quiz/attempt.php?attempt=439" "Mozilla/5.0 (Macintosh; Intel Mac OS X 10_10_4) AppleWebKit/537.36 (KHTML, like Gecko) Chrome/59.0.3071.115 Safari/537.36"
128.138.65.250 - - [11/Aug/2017:10:15:51 +1200] "POST /lib/ajax/service.php?sesskey=xkPfAT4Lkn HTTP/1.1" 200 347 "http://coderunner.org.nz/mod/quiz/attempt.php?attempt=439" "Mozilla/5.0 (Macintosh; Intel Mac OS X 10_10_4) AppleWebKit/537.36 (KHTML, like Gecko) Chrome/59.0.3071.115 Safari/537.36"
128.138.65.250 - - [11/Aug/2017:10:15:52 +1200] "GET /lib/javascript.php/1499902978/question/flags.js HTTP/1.1" 200 1211 "http://coderunner.org.nz/mod/quiz/attempt.php?attempt=439" "Mozilla/5.0 (Macintosh; Intel Mac OS X 10_10_4) AppleWebKit/537.36 (KHTML, like Gecko) Chrome/59.0.3071.115 Safari/537.36"
128.138.65.250 - - [11/Aug/2017:10:15:52 +1200] "GET /lib/javascript.php/1499902978/mod/quiz/module.js HTTP/1.1" 200 2262 "http://coderunner.org.nz/mod/quiz/attempt.php?attempt=439" "Mozilla/5.0 (Macintosh; Intel Mac OS X 10_10_4) AppleWebKit/537.36 (KHTML, like Gecko) Chrome/59.0.3071.115 Safari/537.36"
128.138.65.250 - - [11/Aug/2017:10:15:52 +1200] "GET /lib/javascript.php/1499902978/question/qengine.js HTTP/1.1" 200 1392 "http://coderunner.org.nz/mod/quiz/attempt.php?attempt=439" "Mozilla/5.0 (Macintosh; Intel Mac OS X 10_10_4) AppleWebKit/537.36 (KHTML, like Gecko) Chrome/59.0.3071.115 Safari/537.36"
::1 - - [11/Aug/2017:10:15:57 +1200] "OPTIONS * HTTP/1.0" 200 126 "-" "Apache/2.4.18 (Ubuntu) (internal dummy connection)"
128.138.65.250 - - [11/Aug/2017:10:16:01 +1200] "POST /mod/quiz/processattempt.php HTTP/1.1" 303 900 "http://coderunner.org.nz/mod/quiz/attempt.php?attempt=439" "Mozilla/5.0 (Macintosh; Intel Mac OS X 10_10_4) AppleWebKit/537.36 (KHTML, like Gecko) Chrome/59.0.3071.115 Safari/537.36"
128.138.65.250 - - [11/Aug/2017:10:16:02 +1200] "GET /mod/quiz/attempt.php?attempt=439&scrollpos=773 HTTP/1.1" 200 14206 "http://coderunner.org.nz/mod/quiz/attempt.php?attempt=439" "Mozilla/5.0 (Macintosh; Intel Mac OS X 10_10_4) AppleWebKit/537.36 (KHTML, like Gecko) Chrome/59.0.3071.115 Safari/537.36"
128.138.65.250 - - [11/Aug/2017:10:16:03 +1200] "GET /theme/yui_combo.php?3.17.2/event-mousewheel/event-mousewheel-min.js&3.17.2/event-resize/event-resize-min.js&3.17.2/event-hover/event-hover-min.js&3.17.2/event-touch/event-touch-min.js&3.17.2/event-move/event-move-min.js&3.17.2/event-flick/event-flick-min.js&3.17.2/event-valuechange/event-valuechange-min.js&3.17.2/event-tap/event-tap-min.js&m/1499902978/core/formchangechecker/formchangechecker-min.js HTTP/1.1" 200 6041 "http://coderunner.org.nz/mod/quiz/attempt.php?attempt=439&scrollpos=773" "Mozilla/5.0 (Macintosh; Intel Mac OS X 10_10_4) AppleWebKit/537.36 (KHTML, like Gecko) Chrome/59.0.3071.115 Safari/537.36"
128.138.65.250 - - [11/Aug/2017:10:16:03 +1200] "POST /lib/ajax/service.php?sesskey=xkPfAT4Lkn HTTP/1.1" 200 347 "http://coderunner.org.nz/mod/quiz/attempt.php?attempt=439&scrollpos=773" "Mozilla/5.0 (Macintosh; Intel Mac OS X 10_10_4) AppleWebKit/537.36 (KHTML, like Gecko) Chrome/59.0.3071.115 Safari/537.36"
128.138.65.250 - - [11/Aug/2017:10:16:03 +1200] "POST /lib/ajax/service.php?sesskey=xkPfAT4Lkn HTTP/1.1" 200 347 "http://coderunner.org.nz/mod/quiz/attempt.php?attempt=439&scrollpos=773" "Mozilla/5.0 (Macintosh; Intel Mac OS X 10_10_4) AppleWebKit/537.36 (KHTML, like Gecko) Chrome/59.0.3071.115 Safari/537.36"
128.138.65.250 - - [11/Aug/2017:10:16:03 +1200] "GET /lib/javascript.php/1499902978/question/type/coderunner/ace/mode-python.js HTTP/1.1" 200 2405 "http://coderunner.org.nz/mod/quiz/attempt.php?attempt=439&scrollpos=773" "Mozilla/5.0 (Macintosh; Intel Mac OS X 10_10_4) AppleWebKit/537.36 (KHTML, like Gecko) Chrome/59.0.3071.115 Safari/537.36"
128.138.65.250 - - [11/Aug/2017:10:16:03 +1200] "POST /lib/ajax/service.php?sesskey=xkPfAT4Lkn HTTP/1.1" 200 348 "http://coderunner.org.nz/mod/quiz/attempt.php?attempt=439&scrollpos=773" "Mozilla/5.0 (Macintosh; Intel Mac OS X 10_10_4) AppleWebKit/537.36 (KHTML, like Gecko) Chrome/59.0.3071.115 Safari/537.36"
128.138.65.250 - - [11/Aug/2017:10:16:06 +1200] "POST /mod/quiz/processattempt.php HTTP/1.1" 303 899 "http://coderunner.org.nz/mod/quiz/attempt.php?attempt=439&scrollpos=773" "Mozilla/5.0 (Macintosh; Intel Mac OS X 10_10_4) AppleWebKit/537.36 (KHTML, like Gecko) Chrome/59.0.3071.115 Safari/537.36"
128.138.65.250 - - [11/Aug/2017:10:16:07 +1200] "GET /mod/quiz/attempt.php?attempt=439&scrollpos=773 HTTP/1.1" 200 14079 "http://coderunner.org.nz/mod/quiz/attempt.php?attempt=439&scrollpos=773" "Mozilla/5.0 (Macintosh; Intel Mac OS X 10_10_4) AppleWebKit/537.36 (KHTML, like Gecko) Chrome/59.0.3071.115 Safari/537.36"
128.138.65.250 - - [11/Aug/2017:10:16:07 +1200] "GET /theme/image.php/clean/core/1499902978/i/grade_correct HTTP/1.1" 200 918 "http://coderunner.org.nz/mod/quiz/attempt.php?attempt=439&scrollpos=773" "Mozilla/5.0 (Macintosh; Intel Mac OS X 10_10_4) AppleWebKit/537.36 (KHTML, like Gecko) Chrome/59.0.3071.115 Safari/537.36"
128.138.65.250 - - [11/Aug/2017:10:16:08 +1200] "POST /lib/ajax/service.php?sesskey=xkPfAT4Lkn HTTP/1.1" 200 346 "http://coderunner.org.nz/mod/quiz/attempt.php?attempt=439&scrollpos=773" "Mozilla/5.0 (Macintosh; Intel Mac OS X 10_10_4) AppleWebKit/537.36 (KHTML, like Gecko) Chrome/59.0.3071.115 Safari/537.36"
128.138.65.250 - - [11/Aug/2017:10:16:08 +1200] "POST /lib/ajax/service.php?sesskey=xkPfAT4Lkn HTTP/1.1" 200 346 "http://coderunner.org.nz/mod/quiz/attempt.php?attempt=439&scrollpos=773" "Mozilla/5.0 (Macintosh; Intel Mac OS X 10_10_4) AppleWebKit/537.36 (KHTML, like Gecko) Chrome/59.0.3071.115 Safari/537.36"
128.138.65.250 - - [11/Aug/2017:10:16:08 +1200] "POST /lib/ajax/service.php?sesskey=xkPfAT4Lkn HTTP/1.1" 200 347 "http://coderunner.org.nz/mod/quiz/attempt.php?attempt=439&scrollpos=773" "Mozilla/5.0 (Macintosh; Intel Mac OS X 10_10_4) AppleWebKit/537.36 (KHTML, like Gecko) Chrome/59.0.3071.115 Safari/537.36"
128.138.65.250 - - [11/Aug/2017:10:16:33 +1200] "POST /mod/quiz/processattempt.php HTTP/1.1" 303 886 "http://coderunner.org.nz/mod/quiz/attempt.php?attempt=439&scrollpos=773" "Mozilla/5.0 (Macintosh; Intel Mac OS X 10_10_4) AppleWebKit/537.36 (KHTML, like Gecko) Chrome/59.0.3071.115 Safari/537.36"
128.138.65.250 - - [11/Aug/2017:10:16:33 +1200] "GET /mod/quiz/attempt.php?attempt=439&page=1 HTTP/1.1" 200 16983 "http://coderunner.org.nz/mod/quiz/attempt.php?attempt=439&scrollpos=773" "Mozilla/5.0 (Macintosh; Intel Mac OS X 10_10_4) AppleWebKit/537.36 (KHTML, like Gecko) Chrome/59.0.3071.115 Safari/537.36"
128.138.65.250 - - [11/Aug/2017:10:16:34 +1200] "POST /lib/ajax/service.php?sesskey=xkPfAT4Lkn HTTP/1.1" 200 346 "http://coderunner.org.nz/mod/quiz/attempt.php?attempt=439&page=1" "Mozilla/5.0 (actually a BOT!)"
128.138.65.250 - - [11/Aug/2017:10:16:34 +1200] "POST /lib/ajax/service.php?sesskey=xkPfAT4Lkn HTTP/1.1" 200 347 "http://coderunner.org.nz/mod/quiz/attempt.php?attempt=439&page=1" "Mozilla/5.0 (Macintosh; Intel Mac OS X 10_10_4) AppleWebKit/537.36 (KHTML, like Gecko) Chrome/59.0.3071.115 Safari/537.36"
128.138.65.250 - - [11/Aug/2017:10:16:34 +1200] "POST /lib/ajax/service.php?sesskey=xkPfAT4Lkn HTTP/1.1" 200 348 "http://coderunner.org.nz/mod/quiz/attempt.php?attempt=439&page=1" "Mozilla/5.0 (Macintosh; Intel Mac OS X 10_10_4) AppleWebKit/537.36 (KHTML, like Gecko) Chrome/59.0.3071.115 Safari/537.36"
66.249.79.40 - - [11/Aug/2017:10:17:07 +1200] "POST /lib/ajax/service.php?sesskey=11ZSLuYdo7 HTTP/1.1" 200 614 "http://coderunner.org.nz/calendar/view.php?view=month&time=-116295737400&course=1" "Mozilla/5.0 (compatible; Googlebot/2.1; +http://www.google.com/bot.html)"
93.89.67.39 - - [11/Aug/2017:10:17:20 +1200] "GET /wp-login.php HTTP/1.1" 404 510 "-" "Mozilla/5.0 (Windows NT 6.1; WOW64; rv:40.0) Gecko/20100101 Firefox/40.1"
93.89.67.39 - - [11/Aug/2017:10:17:20 +1200] "GET / HTTP/1.1" 200 35399 "-" "Mozilla/5.0 (Windows NT 6.1; WOW64; rv:40.0) Gecko/20100101 Firefox/40.1"
66.249.79.38 - - [11/Aug/2017:10:17:47 +1200] "POST /lib/ajax/service.php?sesskey=P2GHjwb6Mu HTTP/1.1" 200 614 "http://coderunner.org.nz/calendar/view.php?view=month&course=1&time=59079668400" "Mozilla/5.0 (compatible; Googlebot/2.1; +http://www.google.com/bot.html)"
128.138.65.250 - - [11/Aug/2017:10:18:06 +1200] "POST /mod/quiz/processattempt.php HTTP/1.1" 303 918 "http://coderunner.org.nz/mod/quiz/attempt.php?attempt=439&page=1" "Mozilla/5.0 (Macintosh; Intel Mac OS X 10_10_4) AppleWebKit/537.36 (KHTML, like Gecko) Chrome/59.0.3071.115 Safari/537.36"
128.138.65.250 - - [11/Aug/2017:10:18:06 +1200] "GET /mod/quiz/attempt.php?attempt=439&page=1&scrollpos=762 HTTP/1.1" 200 17318 "http://coderunner.org.nz/mod/quiz/attempt.php?attempt=439&page=1" "Mozilla/5.0 (Macintosh; Intel Mac OS X 10_10_4) AppleWebKit/537.36 (KHTML, like Gecko) Chrome/59.0.3071.115 Safari/537.36"
128.138.65.250 - - [11/Aug/2017:10:18:07 +1200] "POST /lib/ajax/service.php?sesskey=xkPfAT4Lkn HTTP/1.1" 200 346 "http://coderunner.org.nz/mod/quiz/attempt.php?attempt=439&page=1&scrollpos=762" "Mozilla/5.0 (Macintosh; Intel Mac OS X 10_10_4) AppleWebKit/537.36 (KHTML, like Gecko) Chrome/59.0.3071.115 Safari/537.36"
128.138.65.250 - - [11/Aug/2017:10:18:07 +1200] "POST /lib/ajax/service.php?sesskey=xkPfAT4Lkn HTTP/1.1" 200 347 "http://coderunner.org.nz/mod/quiz/attempt.php?attempt=439&page=1&scrollpos=762" "Mozilla/5.0 (Macintosh; Intel Mac OS X 10_10_4) AppleWebKit/537.36 (KHTML, like Gecko) Chrome/59.0.3071.115 Safari/537.36"
128.138.65.250 - - [11/Aug/2017:10:18:07 +1200] "POST /lib/ajax/service.php?sesskey=xkPfAT4Lkn HTTP/1.1" 200 348 "http://coderunner.org.nz/mod/quiz/attempt.php?attempt=439&page=1&scrollpos=762" "Mozilla/5.0 (Macintosh; Intel Mac OS X 10_10_4) AppleWebKit/537.36 (KHTML, like Gecko) Chrome/59.0.3071.115 Safari/537.36"
128.138.65.250 - - [11/Aug/2017:10:18:19 +1200] "POST /mod/quiz/processattempt.php HTTP/1.1" 303 918 "http://coderunner.org.nz/mod/quiz/attempt.php?attempt=439&page=1&scrollpos=762" "Mozilla/5.0 (Macintosh; Intel Mac OS X 10_10_4) AppleWebKit/537.36 (KHTML, like Gecko) Chrome/59.0.3071.115 Safari/537.36"
128.138.65.250 - - [11/Aug/2017:10:18:20 +1200] "GET /mod/quiz/attempt.php?attempt=439&page=1&scrollpos=861 HTTP/1.1" 200 17442 "http://coderunner.org.nz/mod/quiz/attempt.php?attempt=439&page=1&scrollpos=762" "Mozilla/5.0 (Macintosh; Intel Mac OS X 10_10_4) AppleWebKit/537.36 (KHTML, like Gecko) Chrome/59.0.3071.115 Safari/537.36"
128.138.65.250 - - [11/Aug/2017:10:18:21 +1200] "POST /lib/ajax/service.php?sesskey=xkPfAT4Lkn HTTP/1.1" 200 346 "http://coderunner.org.nz/mod/quiz/attempt.php?attempt=439&page=1&scrollpos=861" "Mozilla/5.0 (Macintosh; Intel Mac OS X 10_10_4) AppleWebKit/537.36 (KHTML, like Gecko) Chrome/59.0.3071.115 Safari/537.36"
128.138.65.250 - - [11/Aug/2017:10:18:21 +1200] "POST /lib/ajax/service.php?sesskey=xkPfAT4Lkn HTTP/1.1" 200 347 "http://coderunner.org.nz/mod/quiz/attempt.php?attempt=439&page=1&scrollpos=861" "Mozilla/5.0 (Macintosh; Intel Mac OS X 10_10_4) AppleWebKit/537.36 (KHTML, like Gecko) Chrome/59.0.3071.115 Safari/537.36"
128.138.65.250 - - [11/Aug/2017:10:18:21 +1200] "POST /lib/ajax/service.php?sesskey=xkPfAT4Lkn HTTP/1.1" 200 348 "http://coderunner.org.nz/mod/quiz/attempt.php?attempt=439&page=1&scrollpos=861" "Mozilla/5.0 (Macintosh; Intel Mac OS X 10_10_4) AppleWebKit/537.36 (KHTML, like Gecko) Chrome/59.0.3071.115 Safari/537.36"
66.249.79.40 - - [11/Aug/2017:10:20:01 +1200] "GET /calendar/view.php?view=month&time=122638100400&course=1 HTTP/1.1" 200 9820 "-" "Mozilla/5.0 (compatible; Googlebot/2.1; +http://www.google.com/bot.html)"
66.249.79.38 - - [11/Aug/2017:10:20:04 +1200] "GET /calendar/view.php?view=month&time=-121497017400&course=1 HTTP/1.1" 200 9821 "-" "Mozilla/5.0 (compatible; Googlebot/2.1; +http://www.google.com/bot.html)"
66.249.79.38 - - [11/Aug/2017:10:20:28 +1200] "POST /lib/ajax/service.php?sesskey=3EeXHB6XNc HTTP/1.1" 200 614 "http://coderunner.org.nz/calendar/view.php?view=month&course=1&time=-116886972600" "Mozilla/5.0 (compatible; Googlebot/2.1; +http://www.google.com/bot.html)"
128.138.65.250 - - [11/Aug/2017:10:20:31 +1200] "POST /mod/quiz/processattempt.php HTTP/1.1" 303 886 "http://coderunner.org.nz/mod/quiz/attempt.php?attempt=439&page=1&scrollpos=861" "Mozilla/5.0 (Macintosh; Intel Mac OS X 10_10_4) AppleWebKit/537.36 (KHTML, like Gecko) Chrome/59.0.3071.115 Safari/537.36"
128.138.65.250 - - [11/Aug/2017:10:20:31 +1200] "GET /mod/quiz/attempt.php?attempt=439&page=2 HTTP/1.1" 200 15430 "http://coderunner.org.nz/mod/quiz/attempt.php?attempt=439&page=1&scrollpos=861" "Mozilla/5.0 (Macintosh; Intel Mac OS X 10_10_4) AppleWebKit/537.36 (KHTML, like Gecko) Chrome/59.0.3071.115 Safari/537.36"
128.138.65.250 - - [11/Aug/2017:10:20:32 +1200] "GET /pluginfile.php/1/question/questiontext/693/15/1054/tk_023.png HTTP/1.1" 200 12334 "http://coderunner.org.nz/mod/quiz/attempt.php?attempt=439&page=2" "Mozilla/5.0 (Macintosh; Intel Mac OS X 10_10_4) AppleWebKit/537.36 (KHTML, like Gecko) Chrome/59.0.3071.115 Safari/537.36"
128.138.65.250 - - [11/Aug/2017:10:20:32 +1200] "GET /pluginfile.php/1/question/questiontext/693/15/1054/tk_025.png HTTP/1.1" 200 14006 "http://coderunner.org.nz/mod/quiz/attempt.php?attempt=439&page=2" "Mozilla/5.0 (Macintosh; Intel Mac OS X 10_10_4) AppleWebKit/537.36 (KHTML, like Gecko) Chrome/59.0.3071.115 Safari/537.36"
128.138.65.250 - - [11/Aug/2017:10:20:32 +1200] "POST /lib/ajax/service.php?sesskey=xkPfAT4Lkn HTTP/1.1" 200 346 "http://coderunner.org.nz/mod/quiz/attempt.php?attempt=439&page=2" "Mozilla/5.0 (Macintosh; Intel Mac OS X 10_10_4) AppleWebKit/537.36 (KHTML, like Gecko) Chrome/59.0.3071.115 Safari/537.36"
128.138.65.250 - - [11/Aug/2017:10:20:32 +1200] "POST /lib/ajax/service.php?sesskey=xkPfAT4Lkn HTTP/1.1" 200 347 "http://coderunner.org.nz/mod/quiz/attempt.php?attempt=439&page=2" "Mozilla/5.0 (Macintosh; Intel Mac OS X 10_10_4) AppleWebKit/537.36 (KHTML, like Gecko) Chrome/59.0.3071.115 Safari/537.36"
128.138.65.250 - - [11/Aug/2017:10:20:32 +1200] "POST /lib/ajax/service.php?sesskey=xkPfAT4Lkn HTTP/1.1" 200 348 "http://coderunner.org.nz/mod/quiz/attempt.php?attempt=439&page=2" "Mozilla/5.0 (Macintosh; Intel Mac OS X 10_10_4) AppleWebKit/537.36 (KHTML, like Gecko) Chrome/59.0.3071.115 Safari/537.36"
::1 - - [11/Aug/2017:10:20:38 +1200] "OPTIONS * HTTP/1.0" 200 126 "-" "Apache/2.4.18 (Ubuntu) (internal dummy connection)"
128.138.65.250 - - [11/Aug/2017:10:22:48 +1200] "GET /mod/quiz/view.php?id=45 HTTP/1.1" 200 10551 "http://coderunner.org.nz/mod/quiz/attempt.php?attempt=439&page=2" "Mozilla/5.0 (Macintosh; Intel Mac OS X 10_10_4) AppleWebKit/537.36 (KHTML, like Gecko) Chrome/59.0.3071.115 Safari/537.36"
128.138.65.250 - - [11/Aug/2017:10:22:49 +1200] "POST /lib/ajax/service.php?sesskey=xkPfAT4Lkn HTTP/1.1" 200 346 "http://coderunner.org.nz/mod/quiz/view.php?id=45" "Mozilla/5.0 (Macintosh; Intel Mac OS X 10_10_4) AppleWebKit/537.36 (KHTML, like Gecko) Chrome/59.0.3071.115 Safari/537.36"
128.138.65.250 - - [11/Aug/2017:10:22:49 +1200] "POST /lib/ajax/service.php?sesskey=xkPfAT4Lkn HTTP/1.1" 200 348 "http://coderunner.org.nz/mod/quiz/view.php?id=45" "Mozilla/5.0 (Macintosh; Intel Mac OS X 10_10_4) AppleWebKit/537.36 (KHTML, like Gecko) Chrome/59.0.3071.115 Safari/537.36"
128.138.65.250 - - [11/Aug/2017:10:22:49 +1200] "POST /lib/ajax/service.php?sesskey=xkPfAT4Lkn HTTP/1.1" 200 347 "http://coderunner.org.nz/mod/quiz/view.php?id=45" "Mozilla/5.0 (Macintosh; Intel Mac OS X 10_10_4) AppleWebKit/537.36 (KHTML, like Gecko) Chrome/59.0.3071.115 Safari/537.36"
128.138.65.250 - - [11/Aug/2017:10:22:56 +1200] "GET /mod/forum/view.php?id=51 HTTP/1.1" 200 15870 "http://coderunner.org.nz/mod/quiz/view.php?id=45" "Mozilla/5.0 (Macintosh; Intel Mac OS X 10_10_4) AppleWebKit/537.36 (KHTML, like Gecko) Chrome/59.0.3071.115 Safari/537.36"
128.138.65.250 - - [11/Aug/2017:10:22:57 +1200] "GET /theme/image.php/clean/mod_forum/1499902978/t/unsubscribed HTTP/1.1" 200 618 "http://coderunner.org.nz/mod/forum/view.php?id=51" "Mozilla/5.0 (Macintosh; Intel Mac OS X 10_10_4) AppleWebKit/537.36 (KHTML, like Gecko) Chrome/59.0.3071.115 Safari/537.36"
128.138.65.250 - - [11/Aug/2017:10:22:57 +1200] "GET /theme/yui_combo.php?m/1499902978/mod_forum/subscriptiontoggle/subscriptiontoggle-min.js HTTP/1.1" 200 1144 "http://coderunner.org.nz/mod/forum/view.php?id=51" "Mozilla/5.0 (Macintosh; Intel Mac OS X 10_10_4) AppleWebKit/537.36 (KHTML, like Gecko) Chrome/59.0.3071.115 Safari/537.36"
128.138.65.250 - - [11/Aug/2017:10:22:57 +1200] "GET /pluginfile.php/66/user/icon/clean/f2?rev=3584 HTTP/1.1" 200 3721 "http://coderunner.org.nz/mod/forum/view.php?id=51" "Mozilla/5.0 (Macintosh; Intel Mac OS X 10_10_4) AppleWebKit/537.36 (KHTML, like Gecko) Chrome/59.0.3071.115 Safari/537.36"
128.138.65.250 - - [11/Aug/2017:10:22:57 +1200] "GET /pluginfile.php/1749/user/icon/clean/f2?rev=2667 HTTP/1.1" 200 3146 "http://coderunner.org.nz/mod/forum/view.php?id=51" "Mozilla/5.0 (Macintosh; Intel Mac OS X 10_10_4) AppleWebKit/537.36 (KHTML, like Gecko) Chrome/59.0.3071.115 Safari/537.36"
128.138.65.250 - - [11/Aug/2017:10:22:57 +1200] "GET /theme/image.php/clean/mod_forum/1499902978/t/subscribed HTTP/1.1" 200 655 "http://coderunner.org.nz/theme/styles.php/clean/1499902978/all" "Mozilla/5.0 (Macintosh; Intel Mac OS X 10_10_4) AppleWebKit/537.36 (KHTML, like Gecko) Chrome/59.0.3071.115 Safari/537.36"
128.138.65.250 - - [11/Aug/2017:10:22:57 +1200] "POST /lib/ajax/service.php?sesskey=xkPfAT4Lkn HTTP/1.1" 200 346 "http://coderunner.org.nz/mod/forum/view.php?id=51" "Mozilla/5.0 (Macintosh; Intel Mac OS X 10_10_4) AppleWebKit/537.36 (KHTML, like Gecko) Chrome/59.0.3071.115 Safari/537.36"
128.138.65.250 - - [11/Aug/2017:10:22:57 +1200] "POST /lib/ajax/service.php?sesskey=xkPfAT4Lkn HTTP/1.1" 200 347 "http://coderunner.org.nz/mod/forum/view.php?id=51" "Mozilla/5.0 (Macintosh; Intel Mac OS X 10_10_4) AppleWebKit/537.36 (KHTML, like Gecko) Chrome/59.0.3071.115 Safari/537.36"
128.138.65.250 - - [11/Aug/2017:10:22:57 +1200] "POST /lib/ajax/service.php?sesskey=xkPfAT4Lkn HTTP/1.1" 200 347 "http://coderunner.org.nz/mod/forum/view.php?id=51" "Mozilla/5.0 (Macintosh; Intel Mac OS X 10_10_4) AppleWebKit/537.36 (KHTML, like Gecko) Chrome/59.0.3071.115 Safari/537.36"
128.138.65.250 - - [11/Aug/2017:10:23:03 +1200] "GET /mod/forum/discuss.php?d=68 HTTP/1.1" 200 12155 "http://coderunner.org.nz/mod/forum/view.php?id=51" "Mozilla/5.0 (Macintosh; Intel Mac OS X 10_10_4) AppleWebKit/537.36 (KHTML, like Gecko) Chrome/59.0.3071.115 Safari/537.36"
128.138.65.250 - - [11/Aug/2017:10:23:03 +1200] "GET /theme/yui_combo.php?m/1499902978/core/formautosubmit/formautosubmit-min.js HTTP/1.1" 200 1154 "http://coderunner.org.nz/mod/forum/discuss.php?d=68" "Mozilla/5.0 (Macintosh; Intel Mac OS X 10_10_4) AppleWebKit/537.36 (KHTML, like Gecko) Chrome/59.0.3071.115 Safari/537.36"
128.138.65.250 - - [11/Aug/2017:10:23:03 +1200] "POST /lib/ajax/service.php?sesskey=xkPfAT4Lkn HTTP/1.1" 200 347 "http://coderunner.org.nz/mod/forum/discuss.php?d=68" "Mozilla/5.0 (Macintosh; Intel Mac OS X 10_10_4) AppleWebKit/537.36 (KHTML, like Gecko) Chrome/59.0.3071.115 Safari/537.36"
128.138.65.250 - - [11/Aug/2017:10:23:03 +1200] "POST /lib/ajax/service.php?sesskey=xkPfAT4Lkn HTTP/1.1" 200 347 "http://coderunner.org.nz/mod/forum/discuss.php?d=68" "Mozilla/5.0 (Macintosh; Intel Mac OS X 10_10_4) AppleWebKit/537.36 (KHTML, like Gecko) Chrome/59.0.3071.115 Safari/537.36"
128.138.65.250 - - [11/Aug/2017:10:23:03 +1200] "POST /lib/ajax/service.php?sesskey=xkPfAT4Lkn HTTP/1.1" 200 348 "http://coderunner.org.nz/mod/forum/discuss.php?d=68" "Mozilla/5.0 (Macintosh; Intel Mac OS X 10_10_4) AppleWebKit/537.36 (KHTML, like Gecko) Chrome/59.0.3071.115 Safari/537.36"
::1 - - [11/Aug/2017:10:23:09 +1200] "OPTIONS * HTTP/1.0" 200 126 "-" "Apache/2.4.18 (Ubuntu) (internal dummy connection)"
132.181.16.99 - - [11/Aug/2017:10:23:24 +1200] "GET / HTTP/1.0" 200 35308 "-" "check_http/v2.2.1 (nagios-plugins 2.2.1)"
66.249.79.43 - - [11/Aug/2017:10:25:57 +1200] "GET /calendar/view.php?view=month&course=1&time=122640692400 HTTP/1.1" 200 9804 "-" "Mozilla/5.0 (compatible; Googlebot/2.1; +http://www.google.com/bot.html)"
217.182.132.155 - - [11/Aug/2017:10:28:01 +1200] "GET /mod/forum/discuss.php?d=3 HTTP/1.1" 200 9903 "-" "Mozilla/5.0 (compatible; AhrefsBot/5.2; +http://ahrefs.com/robot/)"
66.249.79.38 - - [11/Aug/2017:10:28:47 +1200] "GET /calendar/view.php?view=month&course=1&time=-121499609400 HTTP/1.1" 200 9830 "-" "Mozilla/5.0 (compatible; Googlebot/2.1; +http://www.google.com/bot.html)"
66.249.79.40 - - [11/Aug/2017:10:30:03 +1200] "GET /calendar/view.php?view=month&course=1&time=122643370800 HTTP/1.1" 200 9802 "-" "Mozilla/5.0 (compatible; Googlebot/2.1; +http://www.google.com/bot.html)"
66.249.79.43 - - [11/Aug/2017:10:30:06 +1200] "GET /calendar/view.php?view=month&course=1&time=-121502287800 HTTP/1.1" 200 9844 "-" "Mozilla/5.0 (compatible; Googlebot/2.1; +http://www.google.com/bot.html)"
132.181.16.99 - - [11/Aug/2017:10:33:24 +1200] "GET / HTTP/1.0" 200 35308 "-" "check_http/v2.2.1 (nagios-plugins 2.2.1)"
66.249.79.43 - - [11/Aug/2017:10:34:45 +1200] "GET /calendar/view.php?view=month&course=1&time=122645962800 HTTP/1.1" 200 9826 "-" "Mozilla/5.0 (compatible; Googlebot/2.1; +http://www.google.com/bot.html)"
